Archive member included because of file (symbol)

c:/program files (x86)/atollic/truestudio for arm 5.4.0/armtools/bin/../lib/gcc/arm-atollic-eabi/4.8.3/../../../../arm-atollic-eabi/lib/armv7e-m/fpu\libc_s.a(lib_a-init.o)
                              src\startup_stm32f40xx.o (__libc_init_array)
c:/program files (x86)/atollic/truestudio for arm 5.4.0/armtools/bin/../lib/gcc/arm-atollic-eabi/4.8.3/../../../../arm-atollic-eabi/lib/armv7e-m/fpu\libc_s.a(lib_a-qsort.o)
                              src\timer_conf.o (qsort)
c:/program files (x86)/atollic/truestudio for arm 5.4.0/armtools/bin/../lib/gcc/arm-atollic-eabi/4.8.3/../../../../arm-atollic-eabi/lib/armv7e-m/fpu\libc_s.a(lib_a-reent.o)
                              src\syscalls.o (errno)
c:/program files (x86)/atollic/truestudio for arm 5.4.0/armtools/bin/../lib/gcc/arm-atollic-eabi/4.8.3/../../../../arm-atollic-eabi/lib/armv7e-m/fpu\libc_s.a(lib_a-strcmp.o)
                              src\serial_com.o (strcmp)
c:/program files (x86)/atollic/truestudio for arm 5.4.0/armtools/bin/../lib/gcc/arm-atollic-eabi/4.8.3/../../../../arm-atollic-eabi/lib/armv7e-m/fpu\libc_s.a(lib_a-strlen.o)
                              src\tiny_printf.o (strlen)
c:/program files (x86)/atollic/truestudio for arm 5.4.0/armtools/bin/../lib/gcc/arm-atollic-eabi/4.8.3/../../../../arm-atollic-eabi/lib/armv7e-m/fpu\libc_s.a(lib_a-strncmp.o)
                              src\serial_com.o (strncmp)
c:/program files (x86)/atollic/truestudio for arm 5.4.0/armtools/bin/../lib/gcc/arm-atollic-eabi/4.8.3/../../../../arm-atollic-eabi/lib/armv7e-m/fpu\libc_s.a(lib_a-impure.o)
                              c:/program files (x86)/atollic/truestudio for arm 5.4.0/armtools/bin/../lib/gcc/arm-atollic-eabi/4.8.3/../../../../arm-atollic-eabi/lib/armv7e-m/fpu\libc_s.a(lib_a-reent.o) (_impure_ptr)
c:/program files (x86)/atollic/truestudio for arm 5.4.0/armtools/bin/../lib/gcc/arm-atollic-eabi/4.8.3/../../../../arm-atollic-eabi/lib/armv7e-m/fpu\libc_s.a(lib_a-nano-freer.o)
                              c:/program files (x86)/atollic/truestudio for arm 5.4.0/armtools/bin/../lib/gcc/arm-atollic-eabi/4.8.3/../../../../arm-atollic-eabi/lib/armv7e-m/fpu\libc_s.a(lib_a-reent.o) (_free_r)
c:/program files (x86)/atollic/truestudio for arm 5.4.0/armtools/bin/../lib/gcc/arm-atollic-eabi/4.8.3/../../../../arm-atollic-eabi/lib/armv7e-m/fpu\libc_s.a(lib_a-nano-mallocr.o)
                              c:/program files (x86)/atollic/truestudio for arm 5.4.0/armtools/bin/../lib/gcc/arm-atollic-eabi/4.8.3/../../../../arm-atollic-eabi/lib/armv7e-m/fpu\libc_s.a(lib_a-nano-freer.o) (__malloc_free_list)
c:/program files (x86)/atollic/truestudio for arm 5.4.0/armtools/bin/../lib/gcc/arm-atollic-eabi/4.8.3/../../../../arm-atollic-eabi/lib/armv7e-m/fpu\libc_s.a(lib_a-sbrkr.o)
                              c:/program files (x86)/atollic/truestudio for arm 5.4.0/armtools/bin/../lib/gcc/arm-atollic-eabi/4.8.3/../../../../arm-atollic-eabi/lib/armv7e-m/fpu\libc_s.a(lib_a-nano-mallocr.o) (_sbrk_r)
c:/program files (x86)/atollic/truestudio for arm 5.4.0/armtools/bin/../lib/gcc/arm-atollic-eabi/4.8.3/armv7e-m/fpu\libgcc.a(_arm_addsubdf3.o)
                              src\feedback.o (__aeabi_dsub)
c:/program files (x86)/atollic/truestudio for arm 5.4.0/armtools/bin/../lib/gcc/arm-atollic-eabi/4.8.3/armv7e-m/fpu\libgcc.a(_arm_muldivdf3.o)
                              src\timer_conf.o (__aeabi_dmul)
c:/program files (x86)/atollic/truestudio for arm 5.4.0/armtools/bin/../lib/gcc/arm-atollic-eabi/4.8.3/armv7e-m/fpu\libgcc.a(_arm_fixdfsi.o)
                              src\timer_conf.o (__aeabi_d2iz)
c:/program files (x86)/atollic/truestudio for arm 5.4.0/armtools/bin/../lib/gcc/arm-atollic-eabi/4.8.3/armv7e-m/fpu\libgcc.a(_arm_truncdfsf2.o)
                              src\feedback.o (__aeabi_d2f)

Allocating common symbols
Common symbol       size              file

initp               0x8               src\serial_com.o
errno               0x4               c:/program files (x86)/atollic/truestudio for arm 5.4.0/armtools/bin/../lib/gcc/arm-atollic-eabi/4.8.3/../../../../arm-atollic-eabi/lib/armv7e-m/fpu\libc_s.a(lib_a-reent.o)
sc                  0x6               src\timer_conf.o
dist                0x4               src\timer_conf.o
blocks              0xc8              src\serial_com.o
ADCConvVal          0x4               src\user_interface.o
str                 0xf               src\timer_conf.o

Discarded input sections

 .text          0x00000000        0x0 c:/program files (x86)/atollic/truestudio for arm 5.4.0/armtools/bin/../lib/gcc/arm-atollic-eabi/4.8.3/armv7e-m/fpu/crti.o
 .data          0x00000000        0x0 c:/program files (x86)/atollic/truestudio for arm 5.4.0/armtools/bin/../lib/gcc/arm-atollic-eabi/4.8.3/armv7e-m/fpu/crti.o
 .bss           0x00000000        0x0 c:/program files (x86)/atollic/truestudio for arm 5.4.0/armtools/bin/../lib/gcc/arm-atollic-eabi/4.8.3/armv7e-m/fpu/crti.o
[...]
Memory Configuration

Name             Origin             Length             Attributes
FLASH            0x08000000         0x00080000         xr
RAM              0x20000000         0x00018000         xrw
MEMORY_B1        0x60000000         0x00000000         xr
CCMRAM           0x10000000         0x00010000         rw
*default*        0x00000000         0xffffffff

Linker script and memory map

LOAD c:/program files (x86)/atollic/truestudio for arm 5.4.0/armtools/bin/../lib/gcc/arm-atollic-eabi/4.8.3/armv7e-m/fpu/crti.o
LOAD c:/program files (x86)/atollic/truestudio for arm 5.4.0/armtools/bin/../lib/gcc/arm-atollic-eabi/4.8.3/armv7e-m/fpu/crtbegin.o
LOAD src\user_interface.o
LOAD src\tiny_printf.o
LOAD src\timer_conf.o
LOAD src\system_stm32f4xx.o
LOAD src\syscalls.o
LOAD src\stm32f4xx_it.o
LOAD src\startup_stm32f40xx.o
LOAD src\serial_com.o
LOAD src\math_standard.o
LOAD src\main.o
LOAD src\feedback.o
LOAD src\controller.o
LOAD src\conf_STM32.o
LOAD src\clock_conf.o
LOAD src\analog_converter.o
LOAD Libraries\STM32F4xx_StdPeriph_Driver\src\stm32f4xx_wwdg.o
LOAD Libraries\STM32F4xx_StdPeriph_Driver\src\stm32f4xx_usart.o
LOAD Libraries\STM32F4xx_StdPeriph_Driver\src\stm32f4xx_tim.o
LOAD Libraries\STM32F4xx_StdPeriph_Driver\src\stm32f4xx_syscfg.o
LOAD Libraries\STM32F4xx_StdPeriph_Driver\src\stm32f4xx_spi.o
LOAD Libraries\STM32F4xx_StdPeriph_Driver\src\stm32f4xx_sdio.o
LOAD Libraries\STM32F4xx_StdPeriph_Driver\src\stm32f4xx_rtc.o
LOAD Libraries\STM32F4xx_StdPeriph_Driver\src\stm32f4xx_rng.o
LOAD Libraries\STM32F4xx_StdPeriph_Driver\src\stm32f4xx_rcc.o
LOAD Libraries\STM32F4xx_StdPeriph_Driver\src\stm32f4xx_pwr.o
LOAD Libraries\STM32F4xx_StdPeriph_Driver\src\stm32f4xx_iwdg.o
LOAD Libraries\STM32F4xx_StdPeriph_Driver\src\stm32f4xx_i2c.o
LOAD Libraries\STM32F4xx_StdPeriph_Driver\src\stm32f4xx_hash_sha1.o
LOAD Libraries\STM32F4xx_StdPeriph_Driver\src\stm32f4xx_hash_md5.o
LOAD Libraries\STM32F4xx_StdPeriph_Driver\src\stm32f4xx_hash.o
LOAD Libraries\STM32F4xx_StdPeriph_Driver\src\stm32f4xx_gpio.o
LOAD Libraries\STM32F4xx_StdPeriph_Driver\src\stm32f4xx_fsmc.o
LOAD Libraries\STM32F4xx_StdPeriph_Driver\src\stm32f4xx_flash.o
LOAD Libraries\STM32F4xx_StdPeriph_Driver\src\stm32f4xx_exti.o
LOAD Libraries\STM32F4xx_StdPeriph_Driver\src\stm32f4xx_dma.o
LOAD Libraries\STM32F4xx_StdPeriph_Driver\src\stm32f4xx_dcmi.o
LOAD Libraries\STM32F4xx_StdPeriph_Driver\src\stm32f4xx_dbgmcu.o
LOAD Libraries\STM32F4xx_StdPeriph_Driver\src\stm32f4xx_dac.o
LOAD Libraries\STM32F4xx_StdPeriph_Driver\src\stm32f4xx_cryp_tdes.o
LOAD Libraries\STM32F4xx_StdPeriph_Driver\src\stm32f4xx_cryp_des.o
LOAD Libraries\STM32F4xx_StdPeriph_Driver\src\stm32f4xx_cryp_aes.o
LOAD Libraries\STM32F4xx_StdPeriph_Driver\src\stm32f4xx_cryp.o
LOAD Libraries\STM32F4xx_StdPeriph_Driver\src\stm32f4xx_crc.o
LOAD Libraries\STM32F4xx_StdPeriph_Driver\src\stm32f4xx_can.o
LOAD Libraries\STM32F4xx_StdPeriph_Driver\src\stm32f4xx_adc.o
LOAD Libraries\STM32F4xx_StdPeriph_Driver\src\misc.o
START GROUP
LOAD c:/program files (x86)/atollic/truestudio for arm 5.4.0/armtools/bin/../lib/gcc/arm-atollic-eabi/4.8.3/../../../../arm-atollic-eabi/lib/armv7e-m/fpu\libc_s.a
LOAD c:/program files (x86)/atollic/truestudio for arm 5.4.0/armtools/bin/../lib/gcc/arm-atollic-eabi/4.8.3/../../../../arm-atollic-eabi/lib/armv7e-m/fpu\libm.a
END GROUP
                0x00001000                malloc_getpagesize_P = 0x1000
START GROUP
LOAD c:/program files (x86)/atollic/truestudio for arm 5.4.0/armtools/bin/../lib/gcc/arm-atollic-eabi/4.8.3/armv7e-m/fpu\libgcc.a
LOAD c:/program files (x86)/atollic/truestudio for arm 5.4.0/armtools/bin/../lib/gcc/arm-atollic-eabi/4.8.3/../../../../arm-atollic-eabi/lib/armv7e-m/fpu\libc.a
END GROUP
LOAD c:/program files (x86)/atollic/truestudio for arm 5.4.0/armtools/bin/../lib/gcc/arm-atollic-eabi/4.8.3/armv7e-m/fpu/crtend.o
LOAD c:/program files (x86)/atollic/truestudio for arm 5.4.0/armtools/bin/../lib/gcc/arm-atollic-eabi/4.8.3/armv7e-m/fpu/crtn.o
                0x20018000                _estack = 0x20018000
                0x00000000                _Min_Heap_Size = 0x0
                0x00000400                _Min_Stack_Size = 0x400

.isr_vector     0x08000000      0x188
                0x08000000                . = ALIGN (0x4)
 *(.isr_vector)
 .isr_vector    0x08000000      0x188 src\startup_stm32f40xx.o
                0x08000000                g_pfnVectors
                0x08000188                . = ALIGN (0x4)

.text           0x08000188     0x2634
                0x08000188                . = ALIGN (0x4)
 *(.text)
 .text          0x08000188       0x40 c:/program files (x86)/atollic/truestudio for arm 5.4.0/armtools/bin/../lib/gcc/arm-atollic-eabi/4.8.3/armv7e-m/fpu/crtbegin.o
 .text          0x080001c8       0x14 c:/program files (x86)/atollic/truestudio for arm 5.4.0/armtools/bin/../lib/gcc/arm-atollic-eabi/4.8.3/../../../../arm-atollic-eabi/lib/armv7e-m/fpu\libc_s.a(lib_a-strcmp.o)
                0x080001c8                strcmp
 .text          0x080001dc      0x370 c:/program files (x86)/atollic/truestudio for arm 5.4.0/armtools/bin/../lib/gcc/arm-atollic-eabi/4.8.3/armv7e-m/fpu\libgcc.a(_arm_addsubdf3.o)
                0x080001dc                __aeabi_drsub
                0x080001e4                __aeabi_dsub
                0x080001e4                __subdf3
                0x080001e8                __aeabi_dadd
                0x080001e8                __adddf3
                0x08000460                __floatunsidf
                0x08000460                __aeabi_ui2d
                0x08000480                __floatsidf
                0x08000480                __aeabi_i2d
                0x080004a4                __aeabi_f2d
                0x080004a4                __extendsfdf2
                0x080004e0                __floatundidf
                0x080004e0                __aeabi_ul2d
                0x080004f0                __floatdidf
                0x080004f0                __aeabi_l2d
 .text          0x0800054c      0x424 c:/program files (x86)/atollic/truestudio for arm 5.4.0/armtools/bin/../lib/gcc/arm-atollic-eabi/4.8.3/armv7e-m/fpu\libgcc.a(_arm_muldivdf3.o)
                0x0800054c                __aeabi_dmul
                0x0800054c                __muldf3
                0x080007a0                __divdf3
                0x080007a0                __aeabi_ddiv
 .text          0x08000970       0x50 c:/program files (x86)/atollic/truestudio for arm 5.4.0/armtools/bin/../lib/gcc/arm-atollic-eabi/4.8.3/armv7e-m/fpu\libgcc.a(_arm_fixdfsi.o)
                0x08000970                __aeabi_d2iz
                0x08000970                __fixdfsi
 .text          0x080009c0       0xa0 c:/program files (x86)/atollic/truestudio for arm 5.4.0/armtools/bin/../lib/gcc/arm-atollic-eabi/4.8.3/armv7e-m/fpu\libgcc.a(_arm_truncdfsf2.o)
                0x080009c0                __truncdfsf2
                0x080009c0                __aeabi_d2f
 *(.text*)
 .text.init_UI  0x08000a60       0x78 src\user_interface.o
                0x08000a60                init_UI
 .text.EXTI9_5_IRQHandler
                0x08000ad8       0x34 src\user_interface.o
                0x08000ad8                EXTI9_5_IRQHandler
 .text.ts_itoa  0x08000b0c       0x48 src\tiny_printf.o
                0x08000b0c                ts_itoa
 .text.ts_formatstring
                0x08000b54       0xd8 src\tiny_printf.o
                0x08000b54                ts_formatstring
 .text.siprintf
                0x08000c2c       0x1c src\tiny_printf.o
                0x08000c2c                siprintf
                0x08000c2c                sprintf
 .text.compare  0x08000c48        0x8 src\timer_conf.o
                0x08000c48                compare
 .text.init_TIM1
                0x08000c50      0x114 src\timer_conf.o
                0x08000c50                init_TIM1
 .text.TIM1_CC_IRQHandler
                0x08000d64       0x80 src\timer_conf.o
                0x08000d64                TIM1_CC_IRQHandler
 .text.set_tim1_modulation
                0x08000de4       0x2c src\timer_conf.o
                0x08000de4                set_tim1_modulation
 .text.set_tim1_frequency
                0x08000e10       0x38 src\timer_conf.o
                0x08000e10                set_tim1_frequency
 .text.set_tim1_pulse
                0x08000e48       0x4c src\timer_conf.o
                0x08000e48                set_tim1_pulse
 .text.it_tim1_state
                0x08000e94       0x24 src\timer_conf.o
                0x08000e94                it_tim1_state
 .text.init_TIM2
                0x08000eb8       0xc0 src\timer_conf.o
                0x08000eb8                init_TIM2
 .text.spike_mitigation
                0x08000f78       0x44 src\timer_conf.o
                0x08000f78                spike_mitigation
 .text.add_measurement
                0x08000fbc       0x58 src\timer_conf.o
                0x08000fbc                add_measurement
 *fill*         0x08001014        0x4 
 .text.TIM2_IRQHandler
                0x08001018      0x258 src\timer_conf.o
                0x08001018                TIM2_IRQHandler
 .text.SystemInit
                0x08001270      0x100 src\system_stm32f4xx.o
                0x08001270                SystemInit
 .text.NMI_Handler
                0x08001370        0x4 src\stm32f4xx_it.o
                0x08001370                NMI_Handler
 .text.HardFault_Handler
                0x08001374        0x4 src\stm32f4xx_it.o
                0x08001374                HardFault_Handler
 .text.MemManage_Handler
                0x08001378        0x4 src\stm32f4xx_it.o
                0x08001378                MemManage_Handler
 .text.BusFault_Handler
                0x0800137c        0x4 src\stm32f4xx_it.o
                0x0800137c                BusFault_Handler
 .text.UsageFault_Handler
                0x08001380        0x4 src\stm32f4xx_it.o
                0x08001380                UsageFault_Handler
 .text.SVC_Handler
                0x08001384        0x4 src\stm32f4xx_it.o
                0x08001384                SVC_Handler
 .text.DebugMon_Handler
                0x08001388        0x4 src\stm32f4xx_it.o
                0x08001388                DebugMon_Handler
 .text.PendSV_Handler
                0x0800138c        0x4 src\stm32f4xx_it.o
                0x0800138c                PendSV_Handler
 .text.SysTick_Handler
                0x08001390        0x4 src\stm32f4xx_it.o
                0x08001390                SysTick_Handler
 .text.Reset_Handler
                0x08001394       0x58 src\startup_stm32f40xx.o
                0x08001394                Reset_Handler
 .text.Default_Handler
                0x080013ec        0x4 src\startup_stm32f40xx.o
                0x080013ec                RTC_Alarm_IRQHandler
                0x080013ec                HASH_RNG_IRQHandler
                0x080013ec                EXTI2_IRQHandler
                0x080013ec                TIM8_CC_IRQHandler
                0x080013ec                DMA2_Stream5_IRQHandler
                0x080013ec                DMA1_Stream5_IRQHandler
                0x080013ec                PVD_IRQHandler
                0x080013ec                SDIO_IRQHandler
                0x080013ec                TAMP_STAMP_IRQHandler
                0x080013ec                CAN2_RX1_IRQHandler
                0x080013ec                EXTI3_IRQHandler
                0x080013ec                TIM8_TRG_COM_TIM14_IRQHandler
                0x080013ec                TIM1_UP_TIM10_IRQHandler
                0x080013ec                TIM8_UP_TIM13_IRQHandler
                0x080013ec                I2C3_ER_IRQHandler
                0x080013ec                EXTI0_IRQHandler
                0x080013ec                I2C2_EV_IRQHandler
                0x080013ec                DMA1_Stream2_IRQHandler
                0x080013ec                CAN1_RX0_IRQHandler
                0x080013ec                FPU_IRQHandler
                0x080013ec                OTG_HS_WKUP_IRQHandler
                0x080013ec                CAN2_SCE_IRQHandler
                0x080013ec                DMA2_Stream2_IRQHandler
                0x080013ec                SPI1_IRQHandler
                0x080013ec                TIM6_DAC_IRQHandler
                0x080013ec                TIM1_BRK_TIM9_IRQHandler
                0x080013ec                DCMI_IRQHandler
                0x080013ec                CAN2_RX0_IRQHandler
                0x080013ec                DMA2_Stream3_IRQHandler
                0x080013ec                USART6_IRQHandler
                0x080013ec                USART3_IRQHandler
                0x080013ec                CRYP_IRQHandler
                0x080013ec                CAN1_RX1_IRQHandler
                0x080013ec                UART5_IRQHandler
                0x080013ec                DMA2_Stream0_IRQHandler
                0x080013ec                TIM4_IRQHandler
                0x080013ec                I2C1_EV_IRQHandler
                0x080013ec                DMA1_Stream6_IRQHandler
                0x080013ec                DMA1_Stream1_IRQHandler
                0x080013ec                UART4_IRQHandler
                0x080013ec                TIM3_IRQHandler
                0x080013ec                RCC_IRQHandler
                0x080013ec                TIM8_BRK_TIM12_IRQHandler
                0x080013ec                Default_Handler
                0x080013ec                EXTI15_10_IRQHandler
                0x080013ec                ADC_IRQHandler
                0x080013ec                DMA1_Stream7_IRQHandler
                0x080013ec                TIM7_IRQHandler
                0x080013ec                CAN2_TX_IRQHandler
                0x080013ec                TIM5_IRQHandler
                0x080013ec                DMA2_Stream7_IRQHandler
                0x080013ec                I2C3_EV_IRQHandler
                0x080013ec                RTC_WKUP_IRQHandler
                0x080013ec                ETH_WKUP_IRQHandler
                0x080013ec                SPI2_IRQHandler
                0x080013ec                OTG_HS_EP1_IN_IRQHandler
                0x080013ec                DMA1_Stream0_IRQHandler
                0x080013ec                CAN1_TX_IRQHandler
                0x080013ec                EXTI4_IRQHandler
                0x080013ec                FSMC_IRQHandler
                0x080013ec                ETH_IRQHandler
                0x080013ec                OTG_HS_EP1_OUT_IRQHandler
                0x080013ec                WWDG_IRQHandler
                0x080013ec                OTG_FS_WKUP_IRQHandler
                0x080013ec                TIM1_TRG_COM_TIM11_IRQHandler
                0x080013ec                OTG_HS_IRQHandler
                0x080013ec                EXTI1_IRQHandler
                0x080013ec                I2C2_ER_IRQHandler
                0x080013ec                DMA2_Stream1_IRQHandler
                0x080013ec                CAN1_SCE_IRQHandler
                0x080013ec                FLASH_IRQHandler
                0x080013ec                DMA2_Stream4_IRQHandler
                0x080013ec                USART1_IRQHandler
                0x080013ec                OTG_FS_IRQHandler
                0x080013ec                SPI3_IRQHandler
                0x080013ec                DMA1_Stream4_IRQHandler
                0x080013ec                I2C1_ER_IRQHandler
                0x080013ec                DMA2_Stream6_IRQHandler
                0x080013ec                DMA1_Stream3_IRQHandler
 .text.init_USART2
                0x080013f0       0xd0 src\serial_com.o
                0x080013f0                init_USART2
 .text.USART2_IRQHandler
                0x080014c0       0xc8 src\serial_com.o
                0x080014c0                USART2_IRQHandler
 .text.serial_send_data
                0x08001588       0x94 src\serial_com.o
                0x08001588                serial_send_data
 .text.serial_get_data
                0x0800161c      0x3a8 src\serial_com.o
                0x0800161c                serial_get_data
 .text.sinTab   0x080019c4       0x28 src\math_standard.o
                0x080019c4                sinTab
 .text.sys_init
                0x080019ec       0x30 src\main.o
                0x080019ec                sys_init
 .text.startup.main
                0x08001a1c       0x28 src\main.o
                0x08001a1c                main
 *fill*         0x08001a44        0x4 
 .text.distanceShortSensor
                0x08001a48       0x50 src\feedback.o
                0x08001a48                distanceShortSensor
 .text.distanceLongSensor
                0x08001a98       0x50 src\feedback.o
                0x08001a98                distanceLongSensor
 .text.init_clock
                0x08001ae8       0x44 src\clock_conf.o
                0x08001ae8                init_clock
 .text.init_ADC1_CH8
                0x08001b2c      0x118 src\analog_converter.o
                0x08001b2c                init_ADC1_CH8
 .text.USART_GetITStatus
                0x08001c44       0x4c Libraries\STM32F4xx_StdPeriph_Driver\src\stm32f4xx_usart.o
                0x08001c44                USART_GetITStatus
 .text.USART_ClearITPendingBit
                0x08001c90       0x10 Libraries\STM32F4xx_StdPeriph_Driver\src\stm32f4xx_usart.o
                0x08001c90                USART_ClearITPendingBit
 .text.TIM_TimeBaseInit
                0x08001ca0       0x9c Libraries\STM32F4xx_StdPeriph_Driver\src\stm32f4xx_tim.o
                0x08001ca0                TIM_TimeBaseInit
 .text.TIM_OC1Init
                0x08001d3c       0x80 Libraries\STM32F4xx_StdPeriph_Driver\src\stm32f4xx_tim.o
                0x08001d3c                TIM_OC1Init
 .text.TIM_OC4Init
                0x08001dbc       0x6c Libraries\STM32F4xx_StdPeriph_Driver\src\stm32f4xx_tim.o
                0x08001dbc                TIM_OC4Init
 .text.TIM_SetCompare1
                0x08001e28        0x4 Libraries\STM32F4xx_StdPeriph_Driver\src\stm32f4xx_tim.o
                0x08001e28                TIM_SetCompare1
 .text.TIM_SetCompare4
                0x08001e2c        0x4 Libraries\STM32F4xx_StdPeriph_Driver\src\stm32f4xx_tim.o
                0x08001e2c                TIM_SetCompare4
 .text.TIM_OC1PreloadConfig
                0x08001e30       0x10 Libraries\STM32F4xx_StdPeriph_Driver\src\stm32f4xx_tim.o
                0x08001e30                TIM_OC1PreloadConfig
 .text.TIM_OC4PreloadConfig
                0x08001e40       0x14 Libraries\STM32F4xx_StdPeriph_Driver\src\stm32f4xx_tim.o
                0x08001e40                TIM_OC4PreloadConfig
 .text.TIM_GetCapture1
                0x08001e54        0x4 Libraries\STM32F4xx_StdPeriph_Driver\src\stm32f4xx_tim.o
                0x08001e54                TIM_GetCapture1
 .text.TIM_CtrlPWMOutputs
                0x08001e58       0x20 Libraries\STM32F4xx_StdPeriph_Driver\src\stm32f4xx_tim.o
                0x08001e58                TIM_CtrlPWMOutputs
 .text.TIM_ITConfig
                0x08001e78       0x14 Libraries\STM32F4xx_StdPeriph_Driver\src\stm32f4xx_tim.o
                0x08001e78                TIM_ITConfig
 .text.TIM_GetITStatus
                0x08001e8c       0x18 Libraries\STM32F4xx_StdPeriph_Driver\src\stm32f4xx_tim.o
                0x08001e8c                TIM_GetITStatus
 .text.TIM_ClearITPendingBit
                0x08001ea4        0x8 Libraries\STM32F4xx_StdPeriph_Driver\src\stm32f4xx_tim.o
                0x08001ea4                TIM_ClearITPendingBit
 .text.SYSCFG_EXTILineConfig
                0x08001eac       0x30 Libraries\STM32F4xx_StdPeriph_Driver\src\stm32f4xx_syscfg.o
                0x08001eac                SYSCFG_EXTILineConfig
 .text.RCC_AHB1PeriphClockCmd
                0x08001edc       0x18 Libraries\STM32F4xx_StdPeriph_Driver\src\stm32f4xx_rcc.o
                0x08001edc                RCC_AHB1PeriphClockCmd
 .text.RCC_APB1PeriphClockCmd
                0x08001ef4       0x18 Libraries\STM32F4xx_StdPeriph_Driver\src\stm32f4xx_rcc.o
                0x08001ef4                RCC_APB1PeriphClockCmd
 .text.RCC_APB2PeriphClockCmd
                0x08001f0c       0x18 Libraries\STM32F4xx_StdPeriph_Driver\src\stm32f4xx_rcc.o
                0x08001f0c                RCC_APB2PeriphClockCmd
 .text.GPIO_Init
                0x08001f24       0xbc Libraries\STM32F4xx_StdPeriph_Driver\src\stm32f4xx_gpio.o
                0x08001f24                GPIO_Init
 .text.GPIO_PinAFConfig
                0x08001fe0       0x28 Libraries\STM32F4xx_StdPeriph_Driver\src\stm32f4xx_gpio.o
                0x08001fe0                GPIO_PinAFConfig
 .text.EXTI_Init
                0x08002008       0x80 Libraries\STM32F4xx_StdPeriph_Driver\src\stm32f4xx_exti.o
                0x08002008                EXTI_Init
 .text.EXTI_GetITStatus
                0x08002088       0x1c Libraries\STM32F4xx_StdPeriph_Driver\src\stm32f4xx_exti.o
                0x08002088                EXTI_GetITStatus
 .text.EXTI_ClearITPendingBit
                0x080020a4        0xc Libraries\STM32F4xx_StdPeriph_Driver\src\stm32f4xx_exti.o
                0x080020a4                EXTI_ClearITPendingBit
 .text.DMA_DeInit
                0x080020b0      0x130 Libraries\STM32F4xx_StdPeriph_Driver\src\stm32f4xx_dma.o
                0x080020b0                DMA_DeInit
 .text.DMA_Init
                0x080021e0       0x70 Libraries\STM32F4xx_StdPeriph_Driver\src\stm32f4xx_dma.o
                0x080021e0                DMA_Init
 .text.DMA_Cmd  0x08002250       0x14 Libraries\STM32F4xx_StdPeriph_Driver\src\stm32f4xx_dma.o
                0x08002250                DMA_Cmd
 .text.ADC_Init
                0x08002264       0x58 Libraries\STM32F4xx_StdPeriph_Driver\src\stm32f4xx_adc.o
                0x08002264                ADC_Init
 .text.ADC_CommonInit
                0x080022bc       0x28 Libraries\STM32F4xx_StdPeriph_Driver\src\stm32f4xx_adc.o
                0x080022bc                ADC_CommonInit
 .text.ADC_Cmd  0x080022e4       0x14 Libraries\STM32F4xx_StdPeriph_Driver\src\stm32f4xx_adc.o
                0x080022e4                ADC_Cmd
 .text.ADC_RegularChannelConfig
                0x080022f8       0x98 Libraries\STM32F4xx_StdPeriph_Driver\src\stm32f4xx_adc.o
                0x080022f8                ADC_RegularChannelConfig
 .text.ADC_SoftwareStartConv
                0x08002390        0xc Libraries\STM32F4xx_StdPeriph_Driver\src\stm32f4xx_adc.o
                0x08002390                ADC_SoftwareStartConv
 .text.ADC_DMACmd
                0x0800239c       0x14 Libraries\STM32F4xx_StdPeriph_Driver\src\stm32f4xx_adc.o
                0x0800239c                ADC_DMACmd
 .text.ADC_DMARequestAfterLastTransferCmd
                0x080023b0       0x14 Libraries\STM32F4xx_StdPeriph_Driver\src\stm32f4xx_adc.o
                0x080023b0                ADC_DMARequestAfterLastTransferCmd
 .text.NVIC_Init
                0x080023c4       0x78 Libraries\STM32F4xx_StdPeriph_Driver\src\misc.o
                0x080023c4                NVIC_Init
 .text.__libc_init_array
                0x0800243c       0x4c c:/program files (x86)/atollic/truestudio for arm 5.4.0/armtools/bin/../lib/gcc/arm-atollic-eabi/4.8.3/../../../../arm-atollic-eabi/lib/armv7e-m/fpu\libc_s.a(lib_a-init.o)
                0x0800243c                __libc_init_array
 .text.swapfunc
                0x08002488       0x30 c:/program files (x86)/atollic/truestudio for arm 5.4.0/armtools/bin/../lib/gcc/arm-atollic-eabi/4.8.3/../../../../arm-atollic-eabi/lib/armv7e-m/fpu\libc_s.a(lib_a-qsort.o)
 .text.med3     0x080024b8       0x44 c:/program files (x86)/atollic/truestudio for arm 5.4.0/armtools/bin/../lib/gcc/arm-atollic-eabi/4.8.3/../../../../arm-atollic-eabi/lib/armv7e-m/fpu\libc_s.a(lib_a-qsort.o)
 .text.qsort    0x080024fc      0x278 c:/program files (x86)/atollic/truestudio for arm 5.4.0/armtools/bin/../lib/gcc/arm-atollic-eabi/4.8.3/../../../../arm-atollic-eabi/lib/armv7e-m/fpu\libc_s.a(lib_a-qsort.o)
                0x080024fc                qsort
 .text.strncmp  0x08002774       0x2e c:/program files (x86)/atollic/truestudio for arm 5.4.0/armtools/bin/../lib/gcc/arm-atollic-eabi/4.8.3/../../../../arm-atollic-eabi/lib/armv7e-m/fpu\libc_s.a(lib_a-strncmp.o)
                0x08002774                strncmp
 *(.glue_7)
 .glue_7        0x00000000        0x0 linker stubs
 *(.glue_7t)
 .glue_7t       0x00000000        0x0 linker stubs
 *(.eh_frame)
 *fill*         0x080027a2        0x2 
 .eh_frame      0x080027a4        0x0 c:/program files (x86)/atollic/truestudio for arm 5.4.0/armtools/bin/../lib/gcc/arm-atollic-eabi/4.8.3/armv7e-m/fpu/crtbegin.o
 *(.init)
 .init          0x080027a4        0x4 c:/program files (x86)/atollic/truestudio for arm 5.4.0/armtools/bin/../lib/gcc/arm-atollic-eabi/4.8.3/armv7e-m/fpu/crti.o
                0x080027a4                _init
 .init          0x080027a8        0x8 c:/program files (x86)/atollic/truestudio for arm 5.4.0/armtools/bin/../lib/gcc/arm-atollic-eabi/4.8.3/armv7e-m/fpu/crtn.o
 *(.fini)
 .fini          0x080027b0        0x4 c:/program files (x86)/atollic/truestudio for arm 5.4.0/armtools/bin/../lib/gcc/arm-atollic-eabi/4.8.3/armv7e-m/fpu/crti.o
                0x080027b0                _fini
 .fini          0x080027b4        0x8 c:/program files (x86)/atollic/truestudio for arm 5.4.0/armtools/bin/../lib/gcc/arm-atollic-eabi/4.8.3/armv7e-m/fpu/crtn.o
                0x080027bc                . = ALIGN (0x4)
                0x080027bc                _etext = .

.vfp11_veneer   0x080027bc        0x0
 .vfp11_veneer  0x00000000        0x0 linker stubs

.v4_bx          0x080027bc        0x0
 .v4_bx         0x00000000        0x0 linker stubs

.iplt           0x080027bc        0x0
 .iplt          0x00000000        0x0 c:/program files (x86)/atollic/truestudio for arm 5.4.0/armtools/bin/../lib/gcc/arm-atollic-eabi/4.8.3/armv7e-m/fpu/crtbegin.o

.rodata         0x080027bc      0x148
                0x080027bc                . = ALIGN (0x4)
 *(.rodata)
 *(.rodata*)
 .rodata.str1.4
                0x080027bc       0x15 src\timer_conf.o
                                 0x18 (size before relaxing)
 *fill*         0x080027d1        0x3 
 .rodata.str1.4
                0x080027d4       0x24 src\serial_com.o
 .rodata.lookup.4062
                0x080027f8       0xfc src\math_standard.o
 .rodata.str1.4
                0x080028f4       0x10 src\main.o
                0x08002904                . = ALIGN (0x4)

.rel.dyn        0x08002904        0x0
 .rel.iplt      0x00000000        0x0 c:/program files (x86)/atollic/truestudio for arm 5.4.0/armtools/bin/../lib/gcc/arm-atollic-eabi/4.8.3/armv7e-m/fpu/crtbegin.o

.ARM.extab
 *(.ARM.extab* .gnu.linkonce.armextab.*)

.ARM            0x08002904        0x0
                0x08002904                __exidx_start = .
 *(.ARM.exidx*)
                0x08002904                __exidx_end = .

.preinit_array  0x08002904        0x0
                0x08002904                PROVIDE (__preinit_array_start, .)
 *(.preinit_array*)
                0x08002904                PROVIDE (__preinit_array_end, .)

.init_array     0x08002904        0x4
                0x08002904                PROVIDE (__init_array_start, .)
 *(SORT(.init_array.*))
 *(.init_array*)
 .init_array    0x08002904        0x4 c:/program files (x86)/atollic/truestudio for arm 5.4.0/armtools/bin/../lib/gcc/arm-atollic-eabi/4.8.3/armv7e-m/fpu/crtbegin.o
                0x08002908                PROVIDE (__init_array_end, .)

.fini_array     0x08002908        0x4
                0x08002908                PROVIDE (__fini_array_start, .)
 *(SORT(.fini_array.*))
 *(.fini_array*)
 .fini_array    0x08002908        0x4 c:/program files (x86)/atollic/truestudio for arm 5.4.0/armtools/bin/../lib/gcc/arm-atollic-eabi/4.8.3/armv7e-m/fpu/crtbegin.o
                0x0800290c                PROVIDE (__fini_array_end, .)
                0x0800290c                _sidata = LOADADDR (.data)

.data           0x20000000       0x5c load address 0x0800290c
                0x20000000                . = ALIGN (0x4)
                0x20000000                _sdata = .
 *(.data)
 *(.data*)
 .data.tim1_period
                0x20000000        0x2 src\timer_conf.o
                0x20000000                tim1_period
 *fill*         0x20000002        0x2 
 .data.distBufferLen
                0x20000004        0x4 src\timer_conf.o
                0x20000004                distBufferLen
 .data.tim1_pulse
                0x20000008        0x2 src\timer_conf.o
                0x20000008                tim1_pulse
 .data.tim2_pulse
                0x2000000a        0x2 src\timer_conf.o
                0x2000000a                tim2_pulse
 .data.tim2_it_per_sec
                0x2000000c        0x2 src\timer_conf.o
                0x2000000c                tim2_it_per_sec
 *fill*         0x2000000e        0x2 
 .data.freq     0x20000010        0x4 src\serial_com.o
                0x20000010                freq
 .data.Lerr     0x20000014       0x10 src\serial_com.o
                0x20000014                Lerr
 .data.freeQ    0x20000024        0x4 src\serial_com.o
                0x20000024                freeQ
 .data.Perr     0x20000028       0x10 src\serial_com.o
                0x20000028                Perr
 .data.Serr     0x20000038        0xc src\serial_com.o
                0x20000038                Serr
 .data.off      0x20000044        0x4 src\serial_com.o
                0x20000044                off
 .data.status   0x20000048        0x8 src\serial_com.o
                0x20000048                status
 .data.on       0x20000050        0x4 src\serial_com.o
                0x20000050                on
 .data.modl     0x20000054        0x4 src\serial_com.o
                0x20000054                modl
 .data.blink    0x20000058        0x4 src\serial_com.o
                0x20000058                blink
                0x2000005c                . = ALIGN (0x4)
                0x2000005c                _edata = .
                0x08002968                _siccmram = LOADADDR (.ccmram)

.igot.plt       0x2000005c        0x0 load address 0x08002968
 .igot.plt      0x00000000        0x0 c:/program files (x86)/atollic/truestudio for arm 5.4.0/armtools/bin/../lib/gcc/arm-atollic-eabi/4.8.3/armv7e-m/fpu/crtbegin.o

.ccmram         0x10000000        0x0 load address 0x08002968
                0x10000000                . = ALIGN (0x4)
                0x10000000                _sccmram = .
 *(.ccmram)
 *(.ccmram*)
                0x10000000                . = ALIGN (0x4)
                0x10000000                _eccmram = .
                0x10000000                . = ALIGN (0x4)

.bss            0x2000005c      0x15c
                0x2000005c                _sbss = .
                0x2000005c                __bss_start__ = _sbss
 *(.bss)
 .bss           0x2000005c       0x1c c:/program files (x86)/atollic/truestudio for arm 5.4.0/armtools/bin/../lib/gcc/arm-atollic-eabi/4.8.3/armv7e-m/fpu/crtbegin.o
 *(.bss*)
 .bss.bToggleState
                0x20000078        0x1 src\user_interface.o
                0x20000078                bToggleState
 *fill*         0x20000079        0x1 
 .bss.i         0x2000007a        0x2 src\timer_conf.o
                0x2000007a                i
 .bss.noSignalPing
                0x2000007c        0x1 src\timer_conf.o
                0x2000007c                noSignalPing
 *fill*         0x2000007d        0x1 
 .bss.modulation
                0x2000007e        0x2 src\timer_conf.o
                0x2000007e                modulation
 .bss.current_count
                0x20000080        0x2 src\timer_conf.o
                0x20000080                current_count
 *fill*         0x20000082        0x2 
 .bss.distBuffer
                0x20000084       0x14 src\timer_conf.o
                0x20000084                distBuffer
 .bss.filterDist
                0x20000098        0x4 src\timer_conf.o
                0x20000098                filterDist
 .bss.DCGain    0x2000009c        0x2 src\timer_conf.o
                0x2000009c                DCGain
 *fill*         0x2000009e        0x2 
 .bss.samples   0x200000a0       0x14 src\timer_conf.o
                0x200000a0                samples
 .bss.TxQ       0x200000b4        0x4 src\serial_com.o
                0x200000b4                TxQ
 .bss.initialized
                0x200000b8        0x4 src\serial_com.o
                0x200000b8                initialized
 .bss.RxQ_ready
                0x200000bc        0x4 src\serial_com.o
                0x200000bc                RxQ_ready
 .bss.RxQ       0x200000c0        0x4 src\serial_com.o
                0x200000c0                RxQ
 .bss.RxQ_flush
                0x200000c4        0x4 src\serial_com.o
                0x200000c4                RxQ_flush
 *(COMMON)
 COMMON         0x200000c8        0x4 src\user_interface.o
                0x200000c8                ADCConvVal
 COMMON         0x200000cc       0x1b src\timer_conf.o
                0x200000cc                sc
                0x200000d4                dist
                0x200000d8                str
 *fill*         0x200000e7        0x1 
 COMMON         0x200000e8       0xd0 src\serial_com.o
                0x200000e8                initp
                0x200000f0                blocks
                0x200001b8                . = ALIGN (0x4)
                0x200001b8                _ebss = .
                0x200001b8                __bss_end__ = _ebss

._user_heap_stack
                0x200001b8      0x400
                0x200001b8                . = ALIGN (0x4)
                0x200001b8                PROVIDE (end, .)
                0x200001b8                PROVIDE (_end, .)
                0x200001b8                . = (. + _Min_Heap_Size)
                0x200005b8                . = (. + _Min_Stack_Size)
 *fill*         0x200001b8      0x400 
                0x200005b8                . = ALIGN (0x4)

.memory_b1_text
 *(.mb1text)
 *(.mb1text*)
 *(.mb1rodata)
 *(.mb1rodata*)

/DISCARD/
 libc.a(*)
 libm.a(*)
 libgcc.a(*)

.ARM.attributes
                0x00000000       0x30
 *(.ARM.attributes)
 .ARM.attributes
                0x00000000       0x22 c:/program files (x86)/atollic/truestudio for arm 5.4.0/armtools/bin/../lib/gcc/arm-atollic-eabi/4.8.3/armv7e-m/fpu/crti.o
 .ARM.attributes
                0x00000022       0x34 c:/program files (x86)/atollic/truestudio for arm 5.4.0/armtools/bin/../lib/gcc/arm-atollic-eabi/4.8.3/armv7e-m/fpu/crtbegin.o
 .ARM.attributes
                0x00000056       0x39 src\user_interface.o
 .ARM.attributes
                0x0000008f       0x39 src\tiny_printf.o
 .ARM.attributes
                0x000000c8       0x39 src\timer_conf.o
 .ARM.attributes
                0x00000101       0x39 src\system_stm32f4xx.o
 .ARM.attributes
                0x0000013a       0x39 src\stm32f4xx_it.o
 .ARM.attributes
                0x00000173       0x21 src\startup_stm32f40xx.o
 .ARM.attributes
                0x00000194       0x39 src\serial_com.o
 .ARM.attributes
                0x000001cd       0x39 src\math_standard.o
 .ARM.attributes
                0x00000206       0x39 src\main.o
 .ARM.attributes
                0x0000023f       0x39 src\feedback.o
 .ARM.attributes
                0x00000278       0x39 src\clock_conf.o
 .ARM.attributes
                0x000002b1       0x39 src\analog_converter.o
 .ARM.attributes
                0x000002ea       0x39 Libraries\STM32F4xx_StdPeriph_Driver\src\stm32f4xx_usart.o
 .ARM.attributes
                0x00000323       0x39 Libraries\STM32F4xx_StdPeriph_Driver\src\stm32f4xx_tim.o
 .ARM.attributes
                0x0000035c       0x39 Libraries\STM32F4xx_StdPeriph_Driver\src\stm32f4xx_syscfg.o
 .ARM.attributes
                0x00000395       0x39 Libraries\STM32F4xx_StdPeriph_Driver\src\stm32f4xx_rcc.o
 .ARM.attributes
                0x000003ce       0x39 Libraries\STM32F4xx_StdPeriph_Driver\src\stm32f4xx_gpio.o
 .ARM.attributes
                0x00000407       0x39 Libraries\STM32F4xx_StdPeriph_Driver\src\stm32f4xx_exti.o
 .ARM.attributes
                0x00000440       0x39 Libraries\STM32F4xx_StdPeriph_Driver\src\stm32f4xx_dma.o
 .ARM.attributes
                0x00000479       0x39 Libraries\STM32F4xx_StdPeriph_Driver\src\stm32f4xx_adc.o
 .ARM.attributes
                0x000004b2       0x39 Libraries\STM32F4xx_StdPeriph_Driver\src\misc.o
 .ARM.attributes
                0x000004eb       0x34 c:/program files (x86)/atollic/truestudio for arm 5.4.0/armtools/bin/../lib/gcc/arm-atollic-eabi/4.8.3/../../../../arm-atollic-eabi/lib/armv7e-m/fpu\libc_s.a(lib_a-init.o)
 .ARM.attributes
                0x0000051f       0x34 c:/program files (x86)/atollic/truestudio for arm 5.4.0/armtools/bin/../lib/gcc/arm-atollic-eabi/4.8.3/../../../../arm-atollic-eabi/lib/armv7e-m/fpu\libc_s.a(lib_a-qsort.o)
 .ARM.attributes
                0x00000553       0x20 c:/program files (x86)/atollic/truestudio for arm 5.4.0/armtools/bin/../lib/gcc/arm-atollic-eabi/4.8.3/../../../../arm-atollic-eabi/lib/armv7e-m/fpu\libc_s.a(lib_a-strcmp.o)
 .ARM.attributes
                0x00000573       0x34 c:/program files (x86)/atollic/truestudio for arm 5.4.0/armtools/bin/../lib/gcc/arm-atollic-eabi/4.8.3/../../../../arm-atollic-eabi/lib/armv7e-m/fpu\libc_s.a(lib_a-strncmp.o)
 .ARM.attributes
                0x000005a7       0x22 c:/program files (x86)/atollic/truestudio for arm 5.4.0/armtools/bin/../lib/gcc/arm-atollic-eabi/4.8.3/armv7e-m/fpu\libgcc.a(_arm_addsubdf3.o)
 .ARM.attributes
                0x000005c9       0x22 c:/program files (x86)/atollic/truestudio for arm 5.4.0/armtools/bin/../lib/gcc/arm-atollic-eabi/4.8.3/armv7e-m/fpu\libgcc.a(_arm_muldivdf3.o)
 .ARM.attributes
                0x000005eb       0x22 c:/program files (x86)/atollic/truestudio for arm 5.4.0/armtools/bin/../lib/gcc/arm-atollic-eabi/4.8.3/armv7e-m/fpu\libgcc.a(_arm_fixdfsi.o)
 .ARM.attributes
                0x0000060d       0x22 c:/program files (x86)/atollic/truestudio for arm 5.4.0/armtools/bin/../lib/gcc/arm-atollic-eabi/4.8.3/armv7e-m/fpu\libgcc.a(_arm_truncdfsf2.o)
 .ARM.attributes
                0x0000062f       0x22 c:/program files (x86)/atollic/truestudio for arm 5.4.0/armtools/bin/../lib/gcc/arm-atollic-eabi/4.8.3/armv7e-m/fpu/crtn.o
OUTPUT(lab3.elf elf32-littlearm)

.debug_info     0x00000000     0xba26
 .debug_info    0x00000000      0x7ec src\user_interface.o
 .debug_info    0x000007ec      0xdbf src\tiny_printf.o
 .debug_info    0x000015ab     0x13ad src\timer_conf.o
 .debug_info    0x00002958      0x5c4 src\system_stm32f4xx.o
 .debug_info    0x00002f1c      0x133 src\stm32f4xx_it.o
 .debug_info    0x0000304f       0x93 src\startup_stm32f40xx.o
 .debug_info    0x000030e2     0x11c0 src\serial_com.o
 .debug_info    0x000042a2       0x8a src\math_standard.o
 .debug_info    0x0000432c      0x3df src\main.o
 .debug_info    0x0000470b       0xa0 src\feedback.o
 .debug_info    0x000047ab      0x4f4 src\clock_conf.o
 .debug_info    0x00004c9f      0x8e6 src\analog_converter.o
 .debug_info    0x00005585      0xbaf Libraries\STM32F4xx_StdPeriph_Driver\src\stm32f4xx_usart.o
 .debug_info    0x00006134     0x24d7 Libraries\STM32F4xx_StdPeriph_Driver\src\stm32f4xx_tim.o
 .debug_info    0x0000860b      0x2b9 Libraries\STM32F4xx_StdPeriph_Driver\src\stm32f4xx_syscfg.o
 .debug_info    0x000088c4      0xd27 Libraries\STM32F4xx_StdPeriph_Driver\src\stm32f4xx_rcc.o
 .debug_info    0x000095eb      0x7dd Libraries\STM32F4xx_StdPeriph_Driver\src\stm32f4xx_gpio.o
 .debug_info    0x00009dc8      0x350 Libraries\STM32F4xx_StdPeriph_Driver\src\stm32f4xx_exti.o
 .debug_info    0x0000a118      0x73f Libraries\STM32F4xx_StdPeriph_Driver\src\stm32f4xx_dma.o
 .debug_info    0x0000a857      0xc88 Libraries\STM32F4xx_StdPeriph_Driver\src\stm32f4xx_adc.o
 .debug_info    0x0000b4df      0x547 Libraries\STM32F4xx_StdPeriph_Driver\src\misc.o

.debug_abbrev   0x00000000     0x24ac
 .debug_abbrev  0x00000000      0x1df src\user_interface.o
 .debug_abbrev  0x000001df      0x2d7 src\tiny_printf.o
 .debug_abbrev  0x000004b6      0x40f src\timer_conf.o
 .debug_abbrev  0x000008c5      0x15f src\system_stm32f4xx.o
 .debug_abbrev  0x00000a24       0x67 src\stm32f4xx_it.o
 .debug_abbrev  0x00000a8b       0x12 src\startup_stm32f40xx.o
 .debug_abbrev  0x00000a9d      0x3cf src\serial_com.o
 .debug_abbrev  0x00000e6c       0x7d src\math_standard.o
 .debug_abbrev  0x00000ee9      0x1b1 src\main.o
 .debug_abbrev  0x0000109a       0x73 src\feedback.o
 .debug_abbrev  0x0000110d      0x178 src\clock_conf.o
 .debug_abbrev  0x00001285      0x16a src\analog_converter.o
 .debug_abbrev  0x000013ef      0x1ed Libraries\STM32F4xx_StdPeriph_Driver\src\stm32f4xx_usart.o
 .debug_abbrev  0x000015dc      0x291 Libraries\STM32F4xx_StdPeriph_Driver\src\stm32f4xx_tim.o
 .debug_abbrev  0x0000186d      0x169 Libraries\STM32F4xx_StdPeriph_Driver\src\stm32f4xx_syscfg.o
 .debug_abbrev  0x000019d6      0x280 Libraries\STM32F4xx_StdPeriph_Driver\src\stm32f4xx_rcc.o
 .debug_abbrev  0x00001c56      0x1f8 Libraries\STM32F4xx_StdPeriph_Driver\src\stm32f4xx_gpio.o
 .debug_abbrev  0x00001e4e      0x1c5 Libraries\STM32F4xx_StdPeriph_Driver\src\stm32f4xx_exti.o
 .debug_abbrev  0x00002013      0x175 Libraries\STM32F4xx_StdPeriph_Driver\src\stm32f4xx_dma.o
 .debug_abbrev  0x00002188      0x1ce Libraries\STM32F4xx_StdPeriph_Driver\src\stm32f4xx_adc.o
 .debug_abbrev  0x00002356      0x156 Libraries\STM32F4xx_StdPeriph_Driver\src\misc.o

.debug_aranges  0x00000000      0xb88
 .debug_aranges
                0x00000000       0x28 src\user_interface.o
 .debug_aranges
                0x00000028       0x60 src\tiny_printf.o
 .debug_aranges
                0x00000088       0x90 src\timer_conf.o
 .debug_aranges
                0x00000118       0x28 src\system_stm32f4xx.o
 .debug_aranges
                0x00000140       0x60 src\stm32f4xx_it.o
 .debug_aranges
                0x000001a0       0x28 src\startup_stm32f40xx.o
 .debug_aranges
                0x000001c8       0x48 src\serial_com.o
 .debug_aranges
                0x00000210       0x20 src\math_standard.o
 .debug_aranges
                0x00000230       0x28 src\main.o
 .debug_aranges
                0x00000258       0x28 src\feedback.o
 .debug_aranges
                0x00000280       0x30 src\clock_conf.o
 .debug_aranges
                0x000002b0       0x20 src\analog_converter.o
 .debug_aranges
                0x000002d0      0x100 Libraries\STM32F4xx_StdPeriph_Driver\src\stm32f4xx_usart.o
 .debug_aranges
                0x000003d0      0x2d8 Libraries\STM32F4xx_StdPeriph_Driver\src\stm32f4xx_tim.o
 .debug_aranges
                0x000006a8       0x48 Libraries\STM32F4xx_StdPeriph_Driver\src\stm32f4xx_syscfg.o
 .debug_aranges
                0x000006f0      0x180 Libraries\STM32F4xx_StdPeriph_Driver\src\stm32f4xx_rcc.o
 .debug_aranges
                0x00000870       0x88 Libraries\STM32F4xx_StdPeriph_Driver\src\stm32f4xx_gpio.o
 .debug_aranges
                0x000008f8       0x58 Libraries\STM32F4xx_StdPeriph_Driver\src\stm32f4xx_exti.o
 .debug_aranges
                0x00000950       0xb0 Libraries\STM32F4xx_StdPeriph_Driver\src\stm32f4xx_dma.o
 .debug_aranges
                0x00000a00      0x148 Libraries\STM32F4xx_StdPeriph_Driver\src\stm32f4xx_adc.o
 .debug_aranges
                0x00000b48       0x40 Libraries\STM32F4xx_StdPeriph_Driver\src\misc.o

.debug_ranges   0x00000000      0xd98
 .debug_ranges  0x00000000       0x18 src\user_interface.o
 .debug_ranges  0x00000018       0x68 src\tiny_printf.o
 .debug_ranges  0x00000080       0xf8 src\timer_conf.o
 .debug_ranges  0x00000178       0x30 src\system_stm32f4xx.o
 .debug_ranges  0x000001a8       0x50 src\stm32f4xx_it.o
 .debug_ranges  0x000001f8       0x20 src\startup_stm32f40xx.o
 .debug_ranges  0x00000218      0x250 src\serial_com.o
 .debug_ranges  0x00000468       0x10 src\math_standard.o
 .debug_ranges  0x00000478       0x18 src\main.o
 .debug_ranges  0x00000490       0x18 src\feedback.o
 .debug_ranges  0x000004a8       0x20 src\clock_conf.o
 .debug_ranges  0x000004c8       0x10 src\analog_converter.o
 .debug_ranges  0x000004d8       0xf0 Libraries\STM32F4xx_StdPeriph_Driver\src\stm32f4xx_usart.o
 .debug_ranges  0x000005c8      0x348 Libraries\STM32F4xx_StdPeriph_Driver\src\stm32f4xx_tim.o
 .debug_ranges  0x00000910       0x38 Libraries\STM32F4xx_StdPeriph_Driver\src\stm32f4xx_syscfg.o
 .debug_ranges  0x00000948      0x188 Libraries\STM32F4xx_StdPeriph_Driver\src\stm32f4xx_rcc.o
 .debug_ranges  0x00000ad0       0x78 Libraries\STM32F4xx_StdPeriph_Driver\src\stm32f4xx_gpio.o
 .debug_ranges  0x00000b48       0x48 Libraries\STM32F4xx_StdPeriph_Driver\src\stm32f4xx_exti.o
 .debug_ranges  0x00000b90       0xa0 Libraries\STM32F4xx_StdPeriph_Driver\src\stm32f4xx_dma.o
 .debug_ranges  0x00000c30      0x138 Libraries\STM32F4xx_StdPeriph_Driver\src\stm32f4xx_adc.o
 .debug_ranges  0x00000d68       0x30 Libraries\STM32F4xx_StdPeriph_Driver\src\misc.o

.debug_line     0x00000000     0x46b0
 .debug_line    0x00000000      0x26d src\user_interface.o
 .debug_line    0x0000026d      0x31b src\tiny_printf.o
 .debug_line    0x00000588      0x535 src\timer_conf.o
 .debug_line    0x00000abd      0x1f1 src\system_stm32f4xx.o
 .debug_line    0x00000cae      0x1c9 src\stm32f4xx_it.o
 .debug_line    0x00000e77       0x7a src\startup_stm32f40xx.o
 .debug_line    0x00000ef1      0x4d3 src\serial_com.o
 .debug_line    0x000013c4       0x4a src\math_standard.o
 .debug_line    0x0000140e      0x220 src\main.o
 .debug_line    0x0000162e       0x56 src\feedback.o
 .debug_line    0x00001684      0x214 src\clock_conf.o
 .debug_line    0x00001898      0x26d src\analog_converter.o
 .debug_line    0x00001b05      0x50a Libraries\STM32F4xx_StdPeriph_Driver\src\stm32f4xx_usart.o
 .debug_line    0x0000200f      0xc65 Libraries\STM32F4xx_StdPeriph_Driver\src\stm32f4xx_tim.o
 .debug_line    0x00002c74      0x24f Libraries\STM32F4xx_StdPeriph_Driver\src\stm32f4xx_syscfg.o
 .debug_line    0x00002ec3      0x5ad Libraries\STM32F4xx_StdPeriph_Driver\src\stm32f4xx_rcc.o
 .debug_line    0x00003470      0x381 Libraries\STM32F4xx_StdPeriph_Driver\src\stm32f4xx_gpio.o
 .debug_line    0x000037f1      0x2ad Libraries\STM32F4xx_StdPeriph_Driver\src\stm32f4xx_exti.o
 .debug_line    0x00003a9e      0x43e Libraries\STM32F4xx_StdPeriph_Driver\src\stm32f4xx_dma.o
 .debug_line    0x00003edc      0x591 Libraries\STM32F4xx_StdPeriph_Driver\src\stm32f4xx_adc.o
 .debug_line    0x0000446d      0x243 Libraries\STM32F4xx_StdPeriph_Driver\src\misc.o

.debug_str      0x00000000     0x3929
 .debug_str     0x00000000      0xa90 src\user_interface.o
                                0xaff (size before relaxing)
 .debug_str     0x00000a90      0x442 src\tiny_printf.o
                                0x625 (size before relaxing)
 .debug_str     0x00000ed2      0x4f0 src\timer_conf.o
                                0xea4 (size before relaxing)
 .debug_str     0x000013c2      0x1bf src\system_stm32f4xx.o
                                0x416 (size before relaxing)
 .debug_str     0x00001581       0xa6 src\stm32f4xx_it.o
                                0x25f (size before relaxing)
 .debug_str     0x00001627      0x14c src\serial_com.o
                                0xb7a (size before relaxing)
 .debug_str     0x00001773       0x24 src\math_standard.o
                                0x147 (size before relaxing)
 .debug_str     0x00001797       0x50 src\main.o
                                0x386 (size before relaxing)
 .debug_str     0x000017e7       0x22 src\feedback.o
                                0x163 (size before relaxing)
 .debug_str     0x00001809       0x2e src\clock_conf.o
                                0x500 (size before relaxing)
 .debug_str     0x00001837      0x355 src\analog_converter.o
                                0x755 (size before relaxing)
 .debug_str     0x00001b8c      0x499 Libraries\STM32F4xx_StdPeriph_Driver\src\stm32f4xx_usart.o
                                0x753 (size before relaxing)
 .debug_str     0x00002025      0x928 Libraries\STM32F4xx_StdPeriph_Driver\src\stm32f4xx_tim.o
                                0xe82 (size before relaxing)
 .debug_str     0x0000294d      0x140 Libraries\STM32F4xx_StdPeriph_Driver\src\stm32f4xx_syscfg.o
                                0x38f (size before relaxing)
 .debug_str     0x00002a8d      0x4ae Libraries\STM32F4xx_StdPeriph_Driver\src\stm32f4xx_rcc.o
                                0x8fd (size before relaxing)
 .debug_str     0x00002f3b      0x165 Libraries\STM32F4xx_StdPeriph_Driver\src\stm32f4xx_gpio.o
                                0x54e (size before relaxing)
 .debug_str     0x000030a0       0xbe Libraries\STM32F4xx_StdPeriph_Driver\src\stm32f4xx_exti.o
                                0x3dd (size before relaxing)
 .debug_str     0x0000315e      0x238 Libraries\STM32F4xx_StdPeriph_Driver\src\stm32f4xx_dma.o
                                0x5c6 (size before relaxing)
 .debug_str     0x00003396      0x460 Libraries\STM32F4xx_StdPeriph_Driver\src\stm32f4xx_adc.o
                                0x89f (size before relaxing)
 .debug_str     0x000037f6      0x133 Libraries\STM32F4xx_StdPeriph_Driver\src\misc.o
                                0x452 (size before relaxing)

.comment        0x00000000       0x82
 .comment       0x00000000       0x82 src\user_interface.o
                                 0x83 (size before relaxing)
 .comment       0x00000000       0x83 src\tiny_printf.o
 .comment       0x00000000       0x83 src\timer_conf.o
 .comment       0x00000000       0x83 src\system_stm32f4xx.o
 .comment       0x00000000       0x83 src\stm32f4xx_it.o
 .comment       0x00000000       0x83 src\serial_com.o
 .comment       0x00000000       0x83 src\math_standard.o
 .comment       0x00000000       0x83 src\main.o
 .comment       0x00000000       0x83 src\feedback.o
 .comment       0x00000000       0x83 src\clock_conf.o
 .comment       0x00000000       0x83 src\analog_converter.o
 .comment       0x00000000       0x83 Libraries\STM32F4xx_StdPeriph_Driver\src\stm32f4xx_usart.o
 .comment       0x00000000       0x83 Libraries\STM32F4xx_StdPeriph_Driver\src\stm32f4xx_tim.o
 .comment       0x00000000       0x83 Libraries\STM32F4xx_StdPeriph_Driver\src\stm32f4xx_syscfg.o
 .comment       0x00000000       0x83 Libraries\STM32F4xx_StdPeriph_Driver\src\stm32f4xx_rcc.o
 .comment       0x00000000       0x83 Libraries\STM32F4xx_StdPeriph_Driver\src\stm32f4xx_gpio.o
 .comment       0x00000000       0x83 Libraries\STM32F4xx_StdPeriph_Driver\src\stm32f4xx_exti.o
 .comment       0x00000000       0x83 Libraries\STM32F4xx_StdPeriph_Driver\src\stm32f4xx_dma.o
 .comment       0x00000000       0x83 Libraries\STM32F4xx_StdPeriph_Driver\src\stm32f4xx_adc.o
 .comment       0x00000000       0x83 Libraries\STM32F4xx_StdPeriph_Driver\src\misc.o

.debug_frame    0x00000000     0x188c
 .debug_frame   0x00000000       0x48 src\user_interface.o
 .debug_frame   0x00000048      0x134 src\tiny_printf.o
 .debug_frame   0x0000017c      0x17c src\timer_conf.o
 .debug_frame   0x000002f8       0x34 src\system_stm32f4xx.o
 .debug_frame   0x0000032c       0xa0 src\stm32f4xx_it.o
 .debug_frame   0x000003cc       0xb0 src\serial_com.o
 .debug_frame   0x0000047c       0x20 src\math_standard.o
 .debug_frame   0x0000049c       0x40 src\main.o
 .debug_frame   0x000004dc       0x40 src\feedback.o
 .debug_frame   0x0000051c       0x4c src\clock_conf.o
 .debug_frame   0x00000568       0x3c src\analog_converter.o
 .debug_frame   0x000005a4      0x210 Libraries\STM32F4xx_StdPeriph_Driver\src\stm32f4xx_usart.o
 .debug_frame   0x000007b4      0x63c Libraries\STM32F4xx_StdPeriph_Driver\src\stm32f4xx_tim.o
 .debug_frame   0x00000df0       0x80 Libraries\STM32F4xx_StdPeriph_Driver\src\stm32f4xx_syscfg.o
 .debug_frame   0x00000e70      0x2fc Libraries\STM32F4xx_StdPeriph_Driver\src\stm32f4xx_rcc.o
 .debug_frame   0x0000116c      0x118 Libraries\STM32F4xx_StdPeriph_Driver\src\stm32f4xx_gpio.o
 .debug_frame   0x00001284       0x9c Libraries\STM32F4xx_StdPeriph_Driver\src\stm32f4xx_exti.o
 .debug_frame   0x00001320      0x180 Libraries\STM32F4xx_StdPeriph_Driver\src\stm32f4xx_dma.o
 .debug_frame   0x000014a0      0x2b4 Libraries\STM32F4xx_StdPeriph_Driver\src\stm32f4xx_adc.o
 .debug_frame   0x00001754       0x6c Libraries\STM32F4xx_StdPeriph_Driver\src\misc.o
 .debug_frame   0x000017c0       0x2c c:/program files (x86)/atollic/truestudio for arm 5.4.0/armtools/bin/../lib/gcc/arm-atollic-eabi/4.8.3/../../../../arm-atollic-eabi/lib/armv7e-m/fpu\libc_s.a(lib_a-init.o)
 .debug_frame   0x000017ec       0x74 c:/program files (x86)/atollic/truestudio for arm 5.4.0/armtools/bin/../lib/gcc/arm-atollic-eabi/4.8.3/../../../../arm-atollic-eabi/lib/armv7e-m/fpu\libc_s.a(lib_a-qsort.o)
 .debug_frame   0x00001860       0x2c c:/program files (x86)/atollic/truestudio for arm 5.4.0/armtools/bin/../lib/gcc/arm-atollic-eabi/4.8.3/../../../../arm-atollic-eabi/lib/armv7e-m/fpu\libc_s.a(lib_a-strncmp.o)

.debug_loc      0x00000000     0x5fe2
 .debug_loc     0x00000000      0x75d src\tiny_printf.o
 .debug_loc     0x0000075d      0x2e8 src\timer_conf.o
 .debug_loc     0x00000a45      0x144 src\system_stm32f4xx.o
 .debug_loc     0x00000b89      0x96c src\serial_com.o
 .debug_loc     0x000014f5       0x21 src\math_standard.o
 .debug_loc     0x00001516      0x134 src\feedback.o
 .debug_loc     0x0000164a      0x797 Libraries\STM32F4xx_StdPeriph_Driver\src\stm32f4xx_usart.o
 .debug_loc     0x00001de1     0x2081 Libraries\STM32F4xx_StdPeriph_Driver\src\stm32f4xx_tim.o
 .debug_loc     0x00003e62       0xa6 Libraries\STM32F4xx_StdPeriph_Driver\src\stm32f4xx_syscfg.o
 .debug_loc     0x00003f08      0xb63 Libraries\STM32F4xx_StdPeriph_Driver\src\stm32f4xx_rcc.o
 .debug_loc     0x00004a6b      0x386 Libraries\STM32F4xx_StdPeriph_Driver\src\stm32f4xx_gpio.o
 .debug_loc     0x00004df1      0x22c Libraries\STM32F4xx_StdPeriph_Driver\src\stm32f4xx_exti.o
 .debug_loc     0x0000501d      0x4b6 Libraries\STM32F4xx_StdPeriph_Driver\src\stm32f4xx_dma.o
 .debug_loc     0x000054d3      0x9b2 Libraries\STM32F4xx_StdPeriph_Driver\src\stm32f4xx_adc.o
 .debug_loc     0x00005e85      0x15d Libraries\STM32F4xx_StdPeriph_Driver\src\misc.o

Cross Reference Table

Symbol                                            File
ADCConvVal                                        src\analog_converter.o
                                                  src\main.o
                                                  src\serial_com.o
                                                  src\timer_conf.o
                                                  src\user_interface.o
ADC_AnalogWatchdogCmd                             Libraries\STM32F4xx_StdPeriph_Driver\src\stm32f4xx_adc.o
ADC_AnalogWatchdogSingleChannelConfig             Libraries\STM32F4xx_StdPeriph_Driver\src\stm32f4xx_adc.o
ADC_AnalogWatchdogThresholdsConfig                Libraries\STM32F4xx_StdPeriph_Driver\src\stm32f4xx_adc.o
ADC_AutoInjectedConvCmd                           Libraries\STM32F4xx_StdPeriph_Driver\src\stm32f4xx_adc.o
ADC_ClearFlag                                     Libraries\STM32F4xx_StdPeriph_Driver\src\stm32f4xx_adc.o
ADC_ClearITPendingBit                             Libraries\STM32F4xx_StdPeriph_Driver\src\stm32f4xx_adc.o
ADC_Cmd                                           Libraries\STM32F4xx_StdPeriph_Driver\src\stm32f4xx_adc.o
                                                  src\analog_converter.o
ADC_CommonInit                                    Libraries\STM32F4xx_StdPeriph_Driver\src\stm32f4xx_adc.o
                                                  src\analog_converter.o
ADC_CommonStructInit                              Libraries\STM32F4xx_StdPeriph_Driver\src\stm32f4xx_adc.o
ADC_ContinuousModeCmd                             Libraries\STM32F4xx_StdPeriph_Driver\src\stm32f4xx_adc.o
ADC_DMACmd                                        Libraries\STM32F4xx_StdPeriph_Driver\src\stm32f4xx_adc.o
                                                  src\analog_converter.o
ADC_DMARequestAfterLastTransferCmd                Libraries\STM32F4xx_StdPeriph_Driver\src\stm32f4xx_adc.o
                                                  src\analog_converter.o
ADC_DeInit                                        Libraries\STM32F4xx_StdPeriph_Driver\src\stm32f4xx_adc.o
ADC_DiscModeChannelCountConfig                    Libraries\STM32F4xx_StdPeriph_Driver\src\stm32f4xx_adc.o
ADC_DiscModeCmd                                   Libraries\STM32F4xx_StdPeriph_Driver\src\stm32f4xx_adc.o
ADC_EOCOnEachRegularChannelCmd                    Libraries\STM32F4xx_StdPeriph_Driver\src\stm32f4xx_adc.o
ADC_ExternalTrigInjectedConvConfig                Libraries\STM32F4xx_StdPeriph_Driver\src\stm32f4xx_adc.o
ADC_ExternalTrigInjectedConvEdgeConfig            Libraries\STM32F4xx_StdPeriph_Driver\src\stm32f4xx_adc.o
ADC_GetConversionValue                            Libraries\STM32F4xx_StdPeriph_Driver\src\stm32f4xx_adc.o
ADC_GetFlagStatus                                 Libraries\STM32F4xx_StdPeriph_Driver\src\stm32f4xx_adc.o
ADC_GetITStatus                                   Libraries\STM32F4xx_StdPeriph_Driver\src\stm32f4xx_adc.o
ADC_GetInjectedConversionValue                    Libraries\STM32F4xx_StdPeriph_Driver\src\stm32f4xx_adc.o
ADC_GetMultiModeConversionValue                   Libraries\STM32F4xx_StdPeriph_Driver\src\stm32f4xx_adc.o
ADC_GetSoftwareStartConvStatus                    Libraries\STM32F4xx_StdPeriph_Driver\src\stm32f4xx_adc.o
ADC_GetSoftwareStartInjectedConvCmdStatus         Libraries\STM32F4xx_StdPeriph_Driver\src\stm32f4xx_adc.o
ADC_IRQHandler                                    src\startup_stm32f40xx.o
ADC_ITConfig                                      Libraries\STM32F4xx_StdPeriph_Driver\src\stm32f4xx_adc.o
ADC_Init                                          Libraries\STM32F4xx_StdPeriph_Driver\src\stm32f4xx_adc.o
                                                  src\analog_converter.o
ADC_InjectedChannelConfig                         Libraries\STM32F4xx_StdPeriph_Driver\src\stm32f4xx_adc.o
ADC_InjectedDiscModeCmd                           Libraries\STM32F4xx_StdPeriph_Driver\src\stm32f4xx_adc.o
ADC_InjectedSequencerLengthConfig                 Libraries\STM32F4xx_StdPeriph_Driver\src\stm32f4xx_adc.o
ADC_MultiModeDMARequestAfterLastTransferCmd       Libraries\STM32F4xx_StdPeriph_Driver\src\stm32f4xx_adc.o
ADC_RegularChannelConfig                          Libraries\STM32F4xx_StdPeriph_Driver\src\stm32f4xx_adc.o
                                                  src\analog_converter.o
ADC_SetInjectedOffset                             Libraries\STM32F4xx_StdPeriph_Driver\src\stm32f4xx_adc.o
ADC_SoftwareStartConv                             Libraries\STM32F4xx_StdPeriph_Driver\src\stm32f4xx_adc.o
                                                  src\analog_converter.o
ADC_SoftwareStartInjectedConv                     Libraries\STM32F4xx_StdPeriph_Driver\src\stm32f4xx_adc.o
ADC_StructInit                                    Libraries\STM32F4xx_StdPeriph_Driver\src\stm32f4xx_adc.o
ADC_TempSensorVrefintCmd                          Libraries\STM32F4xx_StdPeriph_Driver\src\stm32f4xx_adc.o
ADC_VBATCmd                                       Libraries\STM32F4xx_StdPeriph_Driver\src\stm32f4xx_adc.o
AHBPrescTable                                     src\system_stm32f4xx.o
BusFault_Handler                                  src\stm32f4xx_it.o
CAN1_RX0_IRQHandler                               src\startup_stm32f40xx.o
CAN1_RX1_IRQHandler                               src\startup_stm32f40xx.o
CAN1_SCE_IRQHandler                               src\startup_stm32f40xx.o
CAN1_TX_IRQHandler                                src\startup_stm32f40xx.o
CAN2_RX0_IRQHandler                               src\startup_stm32f40xx.o
CAN2_RX1_IRQHandler                               src\startup_stm32f40xx.o
CAN2_SCE_IRQHandler                               src\startup_stm32f40xx.o
CAN2_TX_IRQHandler                                src\startup_stm32f40xx.o
CAN_CancelTransmit                                Libraries\STM32F4xx_StdPeriph_Driver\src\stm32f4xx_can.o
CAN_ClearFlag                                     Libraries\STM32F4xx_StdPeriph_Driver\src\stm32f4xx_can.o
CAN_ClearITPendingBit                             Libraries\STM32F4xx_StdPeriph_Driver\src\stm32f4xx_can.o
CAN_DBGFreeze                                     Libraries\STM32F4xx_StdPeriph_Driver\src\stm32f4xx_can.o
CAN_DeInit                                        Libraries\STM32F4xx_StdPeriph_Driver\src\stm32f4xx_can.o
CAN_FIFORelease                                   Libraries\STM32F4xx_StdPeriph_Driver\src\stm32f4xx_can.o
CAN_FilterInit                                    Libraries\STM32F4xx_StdPeriph_Driver\src\stm32f4xx_can.o
CAN_GetFlagStatus                                 Libraries\STM32F4xx_StdPeriph_Driver\src\stm32f4xx_can.o
CAN_GetITStatus                                   Libraries\STM32F4xx_StdPeriph_Driver\src\stm32f4xx_can.o
CAN_GetLSBTransmitErrorCounter                    Libraries\STM32F4xx_StdPeriph_Driver\src\stm32f4xx_can.o
CAN_GetLastErrorCode                              Libraries\STM32F4xx_StdPeriph_Driver\src\stm32f4xx_can.o
CAN_GetReceiveErrorCounter                        Libraries\STM32F4xx_StdPeriph_Driver\src\stm32f4xx_can.o
CAN_ITConfig                                      Libraries\STM32F4xx_StdPeriph_Driver\src\stm32f4xx_can.o
CAN_Init                                          Libraries\STM32F4xx_StdPeriph_Driver\src\stm32f4xx_can.o
CAN_MessagePending                                Libraries\STM32F4xx_StdPeriph_Driver\src\stm32f4xx_can.o
CAN_OperatingModeRequest                          Libraries\STM32F4xx_StdPeriph_Driver\src\stm32f4xx_can.o
CAN_Receive                                       Libraries\STM32F4xx_StdPeriph_Driver\src\stm32f4xx_can.o
CAN_SlaveStartBank                                Libraries\STM32F4xx_StdPeriph_Driver\src\stm32f4xx_can.o
CAN_Sleep                                         Libraries\STM32F4xx_StdPeriph_Driver\src\stm32f4xx_can.o
CAN_StructInit                                    Libraries\STM32F4xx_StdPeriph_Driver\src\stm32f4xx_can.o
CAN_TTComModeCmd                                  Libraries\STM32F4xx_StdPeriph_Driver\src\stm32f4xx_can.o
CAN_Transmit                                      Libraries\STM32F4xx_StdPeriph_Driver\src\stm32f4xx_can.o
CAN_TransmitStatus                                Libraries\STM32F4xx_StdPeriph_Driver\src\stm32f4xx_can.o
CAN_WakeUp                                        Libraries\STM32F4xx_StdPeriph_Driver\src\stm32f4xx_can.o
CRC_CalcBlockCRC                                  Libraries\STM32F4xx_StdPeriph_Driver\src\stm32f4xx_crc.o
CRC_CalcCRC                                       Libraries\STM32F4xx_StdPeriph_Driver\src\stm32f4xx_crc.o
CRC_GetCRC                                        Libraries\STM32F4xx_StdPeriph_Driver\src\stm32f4xx_crc.o
CRC_GetIDRegister                                 Libraries\STM32F4xx_StdPeriph_Driver\src\stm32f4xx_crc.o
CRC_ResetDR                                       Libraries\STM32F4xx_StdPeriph_Driver\src\stm32f4xx_crc.o
CRC_SetIDRegister                                 Libraries\STM32F4xx_StdPeriph_Driver\src\stm32f4xx_crc.o
CRYP_AES_CBC                                      Libraries\STM32F4xx_StdPeriph_Driver\src\stm32f4xx_cryp_aes.o
CRYP_AES_CCM                                      Libraries\STM32F4xx_StdPeriph_Driver\src\stm32f4xx_cryp_aes.o
CRYP_AES_CTR                                      Libraries\STM32F4xx_StdPeriph_Driver\src\stm32f4xx_cryp_aes.o
CRYP_AES_ECB                                      Libraries\STM32F4xx_StdPeriph_Driver\src\stm32f4xx_cryp_aes.o
CRYP_AES_GCM                                      Libraries\STM32F4xx_StdPeriph_Driver\src\stm32f4xx_cryp_aes.o
CRYP_Cmd                                          Libraries\STM32F4xx_StdPeriph_Driver\src\stm32f4xx_cryp.o
                                                  Libraries\STM32F4xx_StdPeriph_Driver\src\stm32f4xx_cryp_aes.o
                                                  Libraries\STM32F4xx_StdPeriph_Driver\src\stm32f4xx_cryp_des.o
                                                  Libraries\STM32F4xx_StdPeriph_Driver\src\stm32f4xx_cryp_tdes.o
CRYP_DES_CBC                                      Libraries\STM32F4xx_StdPeriph_Driver\src\stm32f4xx_cryp_des.o
CRYP_DES_ECB                                      Libraries\STM32F4xx_StdPeriph_Driver\src\stm32f4xx_cryp_des.o
CRYP_DMACmd                                       Libraries\STM32F4xx_StdPeriph_Driver\src\stm32f4xx_cryp.o
CRYP_DataIn                                       Libraries\STM32F4xx_StdPeriph_Driver\src\stm32f4xx_cryp.o
                                                  Libraries\STM32F4xx_StdPeriph_Driver\src\stm32f4xx_cryp_aes.o
                                                  Libraries\STM32F4xx_StdPeriph_Driver\src\stm32f4xx_cryp_des.o
                                                  Libraries\STM32F4xx_StdPeriph_Driver\src\stm32f4xx_cryp_tdes.o
CRYP_DataOut                                      Libraries\STM32F4xx_StdPeriph_Driver\src\stm32f4xx_cryp.o
                                                  Libraries\STM32F4xx_StdPeriph_Driver\src\stm32f4xx_cryp_aes.o
                                                  Libraries\STM32F4xx_StdPeriph_Driver\src\stm32f4xx_cryp_des.o
                                                  Libraries\STM32F4xx_StdPeriph_Driver\src\stm32f4xx_cryp_tdes.o
CRYP_DeInit                                       Libraries\STM32F4xx_StdPeriph_Driver\src\stm32f4xx_cryp.o
CRYP_FIFOFlush                                    Libraries\STM32F4xx_StdPeriph_Driver\src\stm32f4xx_cryp.o
                                                  Libraries\STM32F4xx_StdPeriph_Driver\src\stm32f4xx_cryp_aes.o
                                                  Libraries\STM32F4xx_StdPeriph_Driver\src\stm32f4xx_cryp_des.o
                                                  Libraries\STM32F4xx_StdPeriph_Driver\src\stm32f4xx_cryp_tdes.o
CRYP_GetCmdStatus                                 Libraries\STM32F4xx_StdPeriph_Driver\src\stm32f4xx_cryp.o
                                                  Libraries\STM32F4xx_StdPeriph_Driver\src\stm32f4xx_cryp_aes.o
                                                  Libraries\STM32F4xx_StdPeriph_Driver\src\stm32f4xx_cryp_des.o
                                                  Libraries\STM32F4xx_StdPeriph_Driver\src\stm32f4xx_cryp_tdes.o
CRYP_GetFlagStatus                                Libraries\STM32F4xx_StdPeriph_Driver\src\stm32f4xx_cryp.o
                                                  Libraries\STM32F4xx_StdPeriph_Driver\src\stm32f4xx_cryp_aes.o
                                                  Libraries\STM32F4xx_StdPeriph_Driver\src\stm32f4xx_cryp_des.o
                                                  Libraries\STM32F4xx_StdPeriph_Driver\src\stm32f4xx_cryp_tdes.o
CRYP_GetITStatus                                  Libraries\STM32F4xx_StdPeriph_Driver\src\stm32f4xx_cryp.o
CRYP_IRQHandler                                   src\startup_stm32f40xx.o
CRYP_ITConfig                                     Libraries\STM32F4xx_StdPeriph_Driver\src\stm32f4xx_cryp.o
CRYP_IVInit                                       Libraries\STM32F4xx_StdPeriph_Driver\src\stm32f4xx_cryp.o
                                                  Libraries\STM32F4xx_StdPeriph_Driver\src\stm32f4xx_cryp_aes.o
                                                  Libraries\STM32F4xx_StdPeriph_Driver\src\stm32f4xx_cryp_des.o
                                                  Libraries\STM32F4xx_StdPeriph_Driver\src\stm32f4xx_cryp_tdes.o
CRYP_IVStructInit                                 Libraries\STM32F4xx_StdPeriph_Driver\src\stm32f4xx_cryp.o
CRYP_Init                                         Libraries\STM32F4xx_StdPeriph_Driver\src\stm32f4xx_cryp.o
                                                  Libraries\STM32F4xx_StdPeriph_Driver\src\stm32f4xx_cryp_aes.o
                                                  Libraries\STM32F4xx_StdPeriph_Driver\src\stm32f4xx_cryp_des.o
                                                  Libraries\STM32F4xx_StdPeriph_Driver\src\stm32f4xx_cryp_tdes.o
CRYP_KeyInit                                      Libraries\STM32F4xx_StdPeriph_Driver\src\stm32f4xx_cryp.o
                                                  Libraries\STM32F4xx_StdPeriph_Driver\src\stm32f4xx_cryp_aes.o
                                                  Libraries\STM32F4xx_StdPeriph_Driver\src\stm32f4xx_cryp_des.o
                                                  Libraries\STM32F4xx_StdPeriph_Driver\src\stm32f4xx_cryp_tdes.o
CRYP_KeyStructInit                                Libraries\STM32F4xx_StdPeriph_Driver\src\stm32f4xx_cryp.o
                                                  Libraries\STM32F4xx_StdPeriph_Driver\src\stm32f4xx_cryp_aes.o
                                                  Libraries\STM32F4xx_StdPeriph_Driver\src\stm32f4xx_cryp_des.o
                                                  Libraries\STM32F4xx_StdPeriph_Driver\src\stm32f4xx_cryp_tdes.o
CRYP_PhaseConfig                                  Libraries\STM32F4xx_StdPeriph_Driver\src\stm32f4xx_cryp.o
                                                  Libraries\STM32F4xx_StdPeriph_Driver\src\stm32f4xx_cryp_aes.o
CRYP_RestoreContext                               Libraries\STM32F4xx_StdPeriph_Driver\src\stm32f4xx_cryp.o
CRYP_SaveContext                                  Libraries\STM32F4xx_StdPeriph_Driver\src\stm32f4xx_cryp.o
CRYP_StructInit                                   Libraries\STM32F4xx_StdPeriph_Driver\src\stm32f4xx_cryp.o
CRYP_TDES_CBC                                     Libraries\STM32F4xx_StdPeriph_Driver\src\stm32f4xx_cryp_tdes.o
CRYP_TDES_ECB                                     Libraries\STM32F4xx_StdPeriph_Driver\src\stm32f4xx_cryp_tdes.o
DAC_ClearFlag                                     Libraries\STM32F4xx_StdPeriph_Driver\src\stm32f4xx_dac.o
DAC_ClearITPendingBit                             Libraries\STM32F4xx_StdPeriph_Driver\src\stm32f4xx_dac.o
DAC_Cmd                                           Libraries\STM32F4xx_StdPeriph_Driver\src\stm32f4xx_dac.o
DAC_DMACmd                                        Libraries\STM32F4xx_StdPeriph_Driver\src\stm32f4xx_dac.o
DAC_DeInit                                        Libraries\STM32F4xx_StdPeriph_Driver\src\stm32f4xx_dac.o
DAC_DualSoftwareTriggerCmd                        Libraries\STM32F4xx_StdPeriph_Driver\src\stm32f4xx_dac.o
DAC_GetDataOutputValue                            Libraries\STM32F4xx_StdPeriph_Driver\src\stm32f4xx_dac.o
DAC_GetFlagStatus                                 Libraries\STM32F4xx_StdPeriph_Driver\src\stm32f4xx_dac.o
DAC_GetITStatus                                   Libraries\STM32F4xx_StdPeriph_Driver\src\stm32f4xx_dac.o
DAC_ITConfig                                      Libraries\STM32F4xx_StdPeriph_Driver\src\stm32f4xx_dac.o
DAC_Init                                          Libraries\STM32F4xx_StdPeriph_Driver\src\stm32f4xx_dac.o
DAC_SetChannel1Data                               Libraries\STM32F4xx_StdPeriph_Driver\src\stm32f4xx_dac.o
DAC_SetChannel2Data                               Libraries\STM32F4xx_StdPeriph_Driver\src\stm32f4xx_dac.o
DAC_SetDualChannelData                            Libraries\STM32F4xx_StdPeriph_Driver\src\stm32f4xx_dac.o
DAC_SoftwareTriggerCmd                            Libraries\STM32F4xx_StdPeriph_Driver\src\stm32f4xx_dac.o
DAC_StructInit                                    Libraries\STM32F4xx_StdPeriph_Driver\src\stm32f4xx_dac.o
DAC_WaveGenerationCmd                             Libraries\STM32F4xx_StdPeriph_Driver\src\stm32f4xx_dac.o
DBGMCU_APB1PeriphConfig                           Libraries\STM32F4xx_StdPeriph_Driver\src\stm32f4xx_dbgmcu.o
DBGMCU_APB2PeriphConfig                           Libraries\STM32F4xx_StdPeriph_Driver\src\stm32f4xx_dbgmcu.o
DBGMCU_Config                                     Libraries\STM32F4xx_StdPeriph_Driver\src\stm32f4xx_dbgmcu.o
DBGMCU_GetDEVID                                   Libraries\STM32F4xx_StdPeriph_Driver\src\stm32f4xx_dbgmcu.o
DBGMCU_GetREVID                                   Libraries\STM32F4xx_StdPeriph_Driver\src\stm32f4xx_dbgmcu.o
DCGain                                            src\timer_conf.o
DCMI_CROPCmd                                      Libraries\STM32F4xx_StdPeriph_Driver\src\stm32f4xx_dcmi.o
DCMI_CROPConfig                                   Libraries\STM32F4xx_StdPeriph_Driver\src\stm32f4xx_dcmi.o
DCMI_CaptureCmd                                   Libraries\STM32F4xx_StdPeriph_Driver\src\stm32f4xx_dcmi.o
DCMI_ClearFlag                                    Libraries\STM32F4xx_StdPeriph_Driver\src\stm32f4xx_dcmi.o
DCMI_ClearITPendingBit                            Libraries\STM32F4xx_StdPeriph_Driver\src\stm32f4xx_dcmi.o
DCMI_Cmd                                          Libraries\STM32F4xx_StdPeriph_Driver\src\stm32f4xx_dcmi.o
DCMI_DeInit                                       Libraries\STM32F4xx_StdPeriph_Driver\src\stm32f4xx_dcmi.o
DCMI_GetFlagStatus                                Libraries\STM32F4xx_StdPeriph_Driver\src\stm32f4xx_dcmi.o
DCMI_GetITStatus                                  Libraries\STM32F4xx_StdPeriph_Driver\src\stm32f4xx_dcmi.o
DCMI_IRQHandler                                   src\startup_stm32f40xx.o
DCMI_ITConfig                                     Libraries\STM32F4xx_StdPeriph_Driver\src\stm32f4xx_dcmi.o
DCMI_Init                                         Libraries\STM32F4xx_StdPeriph_Driver\src\stm32f4xx_dcmi.o
DCMI_JPEGCmd                                      Libraries\STM32F4xx_StdPeriph_Driver\src\stm32f4xx_dcmi.o
DCMI_ReadData                                     Libraries\STM32F4xx_StdPeriph_Driver\src\stm32f4xx_dcmi.o
DCMI_SetEmbeddedSynchroCodes                      Libraries\STM32F4xx_StdPeriph_Driver\src\stm32f4xx_dcmi.o
DCMI_StructInit                                   Libraries\STM32F4xx_StdPeriph_Driver\src\stm32f4xx_dcmi.o
DMA1_Stream0_IRQHandler                           src\startup_stm32f40xx.o
DMA1_Stream1_IRQHandler                           src\startup_stm32f40xx.o
DMA1_Stream2_IRQHandler                           src\startup_stm32f40xx.o
DMA1_Stream3_IRQHandler                           src\startup_stm32f40xx.o
DMA1_Stream4_IRQHandler                           src\startup_stm32f40xx.o
DMA1_Stream5_IRQHandler                           src\startup_stm32f40xx.o
DMA1_Stream6_IRQHandler                           src\startup_stm32f40xx.o
DMA1_Stream7_IRQHandler                           src\startup_stm32f40xx.o
DMA2_Stream0_IRQHandler                           src\startup_stm32f40xx.o
DMA2_Stream1_IRQHandler                           src\startup_stm32f40xx.o
DMA2_Stream2_IRQHandler                           src\startup_stm32f40xx.o
DMA2_Stream3_IRQHandler                           src\startup_stm32f40xx.o
DMA2_Stream4_IRQHandler                           src\startup_stm32f40xx.o
DMA2_Stream5_IRQHandler                           src\startup_stm32f40xx.o
DMA2_Stream6_IRQHandler                           src\startup_stm32f40xx.o
DMA2_Stream7_IRQHandler                           src\startup_stm32f40xx.o
DMA_ClearFlag                                     Libraries\STM32F4xx_StdPeriph_Driver\src\stm32f4xx_dma.o
DMA_ClearITPendingBit                             Libraries\STM32F4xx_StdPeriph_Driver\src\stm32f4xx_dma.o
DMA_Cmd                                           Libraries\STM32F4xx_StdPeriph_Driver\src\stm32f4xx_dma.o
                                                  src\analog_converter.o
DMA_DeInit                                        Libraries\STM32F4xx_StdPeriph_Driver\src\stm32f4xx_dma.o
                                                  src\analog_converter.o
DMA_DoubleBufferModeCmd                           Libraries\STM32F4xx_StdPeriph_Driver\src\stm32f4xx_dma.o
DMA_DoubleBufferModeConfig                        Libraries\STM32F4xx_StdPeriph_Driver\src\stm32f4xx_dma.o
DMA_FlowControllerConfig                          Libraries\STM32F4xx_StdPeriph_Driver\src\stm32f4xx_dma.o
DMA_GetCmdStatus                                  Libraries\STM32F4xx_StdPeriph_Driver\src\stm32f4xx_dma.o
DMA_GetCurrDataCounter                            Libraries\STM32F4xx_StdPeriph_Driver\src\stm32f4xx_dma.o
DMA_GetCurrentMemoryTarget                        Libraries\STM32F4xx_StdPeriph_Driver\src\stm32f4xx_dma.o
DMA_GetFIFOStatus                                 Libraries\STM32F4xx_StdPeriph_Driver\src\stm32f4xx_dma.o
DMA_GetFlagStatus                                 Libraries\STM32F4xx_StdPeriph_Driver\src\stm32f4xx_dma.o
DMA_GetITStatus                                   Libraries\STM32F4xx_StdPeriph_Driver\src\stm32f4xx_dma.o
DMA_ITConfig                                      Libraries\STM32F4xx_StdPeriph_Driver\src\stm32f4xx_dma.o
DMA_Init                                          Libraries\STM32F4xx_StdPeriph_Driver\src\stm32f4xx_dma.o
                                                  src\analog_converter.o
DMA_MemoryTargetConfig                            Libraries\STM32F4xx_StdPeriph_Driver\src\stm32f4xx_dma.o
DMA_PeriphIncOffsetSizeConfig                     Libraries\STM32F4xx_StdPeriph_Driver\src\stm32f4xx_dma.o
DMA_SetCurrDataCounter                            Libraries\STM32F4xx_StdPeriph_Driver\src\stm32f4xx_dma.o
DMA_StructInit                                    Libraries\STM32F4xx_StdPeriph_Driver\src\stm32f4xx_dma.o
DebugMon_Handler                                  src\stm32f4xx_it.o
Default_Handler                                   src\startup_stm32f40xx.o
ETH_IRQHandler                                    src\startup_stm32f40xx.o
ETH_WKUP_IRQHandler                               src\startup_stm32f40xx.o
EXTI0_IRQHandler                                  src\startup_stm32f40xx.o
EXTI15_10_IRQHandler                              src\startup_stm32f40xx.o
EXTI1_IRQHandler                                  src\startup_stm32f40xx.o
EXTI2_IRQHandler                                  src\startup_stm32f40xx.o
EXTI3_IRQHandler                                  src\startup_stm32f40xx.o
EXTI4_IRQHandler                                  src\startup_stm32f40xx.o
EXTI9_5_IRQHandler                                src\user_interface.o
EXTI_ClearFlag                                    Libraries\STM32F4xx_StdPeriph_Driver\src\stm32f4xx_exti.o
EXTI_ClearITPendingBit                            Libraries\STM32F4xx_StdPeriph_Driver\src\stm32f4xx_exti.o
                                                  src\user_interface.o
EXTI_DeInit                                       Libraries\STM32F4xx_StdPeriph_Driver\src\stm32f4xx_exti.o
EXTI_GenerateSWInterrupt                          Libraries\STM32F4xx_StdPeriph_Driver\src\stm32f4xx_exti.o
EXTI_GetFlagStatus                                Libraries\STM32F4xx_StdPeriph_Driver\src\stm32f4xx_exti.o
EXTI_GetITStatus                                  Libraries\STM32F4xx_StdPeriph_Driver\src\stm32f4xx_exti.o
                                                  src\user_interface.o
EXTI_Init                                         Libraries\STM32F4xx_StdPeriph_Driver\src\stm32f4xx_exti.o
                                                  src\user_interface.o
EXTI_StructInit                                   Libraries\STM32F4xx_StdPeriph_Driver\src\stm32f4xx_exti.o
FLASH_ClearFlag                                   Libraries\STM32F4xx_StdPeriph_Driver\src\stm32f4xx_flash.o
FLASH_DataCacheCmd                                Libraries\STM32F4xx_StdPeriph_Driver\src\stm32f4xx_flash.o
FLASH_DataCacheReset                              Libraries\STM32F4xx_StdPeriph_Driver\src\stm32f4xx_flash.o
FLASH_EraseAllSectors                             Libraries\STM32F4xx_StdPeriph_Driver\src\stm32f4xx_flash.o
FLASH_EraseSector                                 Libraries\STM32F4xx_StdPeriph_Driver\src\stm32f4xx_flash.o
FLASH_GetFlagStatus                               Libraries\STM32F4xx_StdPeriph_Driver\src\stm32f4xx_flash.o
FLASH_GetStatus                                   Libraries\STM32F4xx_StdPeriph_Driver\src\stm32f4xx_flash.o
FLASH_IRQHandler                                  src\startup_stm32f40xx.o
FLASH_ITConfig                                    Libraries\STM32F4xx_StdPeriph_Driver\src\stm32f4xx_flash.o
FLASH_InstructionCacheCmd                         Libraries\STM32F4xx_StdPeriph_Driver\src\stm32f4xx_flash.o
FLASH_InstructionCacheReset                       Libraries\STM32F4xx_StdPeriph_Driver\src\stm32f4xx_flash.o
FLASH_Lock                                        Libraries\STM32F4xx_StdPeriph_Driver\src\stm32f4xx_flash.o
FLASH_OB_BORConfig                                Libraries\STM32F4xx_StdPeriph_Driver\src\stm32f4xx_flash.o
FLASH_OB_GetBOR                                   Libraries\STM32F4xx_StdPeriph_Driver\src\stm32f4xx_flash.o
FLASH_OB_GetRDP                                   Libraries\STM32F4xx_StdPeriph_Driver\src\stm32f4xx_flash.o
FLASH_OB_GetUser                                  Libraries\STM32F4xx_StdPeriph_Driver\src\stm32f4xx_flash.o
FLASH_OB_GetWRP                                   Libraries\STM32F4xx_StdPeriph_Driver\src\stm32f4xx_flash.o
FLASH_OB_GetWRP1                                  Libraries\STM32F4xx_StdPeriph_Driver\src\stm32f4xx_flash.o
FLASH_OB_Launch                                   Libraries\STM32F4xx_StdPeriph_Driver\src\stm32f4xx_flash.o
FLASH_OB_Lock                                     Libraries\STM32F4xx_StdPeriph_Driver\src\stm32f4xx_flash.o
FLASH_OB_RDPConfig                                Libraries\STM32F4xx_StdPeriph_Driver\src\stm32f4xx_flash.o
FLASH_OB_Unlock                                   Libraries\STM32F4xx_StdPeriph_Driver\src\stm32f4xx_flash.o
FLASH_OB_UserConfig                               Libraries\STM32F4xx_StdPeriph_Driver\src\stm32f4xx_flash.o
FLASH_OB_WRP1Config                               Libraries\STM32F4xx_StdPeriph_Driver\src\stm32f4xx_flash.o
FLASH_OB_WRPConfig                                Libraries\STM32F4xx_StdPeriph_Driver\src\stm32f4xx_flash.o
FLASH_PrefetchBufferCmd                           Libraries\STM32F4xx_StdPeriph_Driver\src\stm32f4xx_flash.o
FLASH_ProgramByte                                 Libraries\STM32F4xx_StdPeriph_Driver\src\stm32f4xx_flash.o
FLASH_ProgramDoubleWord                           Libraries\STM32F4xx_StdPeriph_Driver\src\stm32f4xx_flash.o
FLASH_ProgramHalfWord                             Libraries\STM32F4xx_StdPeriph_Driver\src\stm32f4xx_flash.o
FLASH_ProgramWord                                 Libraries\STM32F4xx_StdPeriph_Driver\src\stm32f4xx_flash.o
FLASH_SetLatency                                  Libraries\STM32F4xx_StdPeriph_Driver\src\stm32f4xx_flash.o
FLASH_Unlock                                      Libraries\STM32F4xx_StdPeriph_Driver\src\stm32f4xx_flash.o
FLASH_WaitForLastOperation                        Libraries\STM32F4xx_StdPeriph_Driver\src\stm32f4xx_flash.o
FPU_IRQHandler                                    src\startup_stm32f40xx.o
FSMC_ClearFlag                                    Libraries\STM32F4xx_StdPeriph_Driver\src\stm32f4xx_fsmc.o
FSMC_ClearITPendingBit                            Libraries\STM32F4xx_StdPeriph_Driver\src\stm32f4xx_fsmc.o
FSMC_GetECC                                       Libraries\STM32F4xx_StdPeriph_Driver\src\stm32f4xx_fsmc.o
FSMC_GetFlagStatus                                Libraries\STM32F4xx_StdPeriph_Driver\src\stm32f4xx_fsmc.o
FSMC_GetITStatus                                  Libraries\STM32F4xx_StdPeriph_Driver\src\stm32f4xx_fsmc.o
FSMC_IRQHandler                                   src\startup_stm32f40xx.o
FSMC_ITConfig                                     Libraries\STM32F4xx_StdPeriph_Driver\src\stm32f4xx_fsmc.o
FSMC_NANDCmd                                      Libraries\STM32F4xx_StdPeriph_Driver\src\stm32f4xx_fsmc.o
FSMC_NANDDeInit                                   Libraries\STM32F4xx_StdPeriph_Driver\src\stm32f4xx_fsmc.o
FSMC_NANDECCCmd                                   Libraries\STM32F4xx_StdPeriph_Driver\src\stm32f4xx_fsmc.o
FSMC_NANDInit                                     Libraries\STM32F4xx_StdPeriph_Driver\src\stm32f4xx_fsmc.o
FSMC_NANDStructInit                               Libraries\STM32F4xx_StdPeriph_Driver\src\stm32f4xx_fsmc.o
FSMC_NORSRAMCmd                                   Libraries\STM32F4xx_StdPeriph_Driver\src\stm32f4xx_fsmc.o
FSMC_NORSRAMDeInit                                Libraries\STM32F4xx_StdPeriph_Driver\src\stm32f4xx_fsmc.o
FSMC_NORSRAMInit                                  Libraries\STM32F4xx_StdPeriph_Driver\src\stm32f4xx_fsmc.o
FSMC_NORSRAMStructInit                            Libraries\STM32F4xx_StdPeriph_Driver\src\stm32f4xx_fsmc.o
FSMC_PCCARDCmd                                    Libraries\STM32F4xx_StdPeriph_Driver\src\stm32f4xx_fsmc.o
FSMC_PCCARDDeInit                                 Libraries\STM32F4xx_StdPeriph_Driver\src\stm32f4xx_fsmc.o
FSMC_PCCARDInit                                   Libraries\STM32F4xx_StdPeriph_Driver\src\stm32f4xx_fsmc.o
FSMC_PCCARDStructInit                             Libraries\STM32F4xx_StdPeriph_Driver\src\stm32f4xx_fsmc.o
GPIO_DeInit                                       Libraries\STM32F4xx_StdPeriph_Driver\src\stm32f4xx_gpio.o
GPIO_Init                                         Libraries\STM32F4xx_StdPeriph_Driver\src\stm32f4xx_gpio.o
                                                  src\analog_converter.o
                                                  src\clock_conf.o
                                                  src\timer_conf.o
                                                  src\user_interface.o
GPIO_PinAFConfig                                  Libraries\STM32F4xx_StdPeriph_Driver\src\stm32f4xx_gpio.o
                                                  src\timer_conf.o
GPIO_PinLockConfig                                Libraries\STM32F4xx_StdPeriph_Driver\src\stm32f4xx_gpio.o
GPIO_ReadInputData                                Libraries\STM32F4xx_StdPeriph_Driver\src\stm32f4xx_gpio.o
GPIO_ReadInputDataBit                             Libraries\STM32F4xx_StdPeriph_Driver\src\stm32f4xx_gpio.o
GPIO_ReadOutputData                               Libraries\STM32F4xx_StdPeriph_Driver\src\stm32f4xx_gpio.o
GPIO_ReadOutputDataBit                            Libraries\STM32F4xx_StdPeriph_Driver\src\stm32f4xx_gpio.o
GPIO_ResetBits                                    Libraries\STM32F4xx_StdPeriph_Driver\src\stm32f4xx_gpio.o
GPIO_SetBits                                      Libraries\STM32F4xx_StdPeriph_Driver\src\stm32f4xx_gpio.o
GPIO_StructInit                                   Libraries\STM32F4xx_StdPeriph_Driver\src\stm32f4xx_gpio.o
GPIO_ToggleBits                                   Libraries\STM32F4xx_StdPeriph_Driver\src\stm32f4xx_gpio.o
GPIO_Write                                        Libraries\STM32F4xx_StdPeriph_Driver\src\stm32f4xx_gpio.o
GPIO_WriteBit                                     Libraries\STM32F4xx_StdPeriph_Driver\src\stm32f4xx_gpio.o
HASH_AutoStartDigest                              Libraries\STM32F4xx_StdPeriph_Driver\src\stm32f4xx_hash.o
HASH_ClearFlag                                    Libraries\STM32F4xx_StdPeriph_Driver\src\stm32f4xx_hash.o
HASH_ClearITPendingBit                            Libraries\STM32F4xx_StdPeriph_Driver\src\stm32f4xx_hash.o
HASH_DMACmd                                       Libraries\STM32F4xx_StdPeriph_Driver\src\stm32f4xx_hash.o
HASH_DataIn                                       Libraries\STM32F4xx_StdPeriph_Driver\src\stm32f4xx_hash.o
                                                  Libraries\STM32F4xx_StdPeriph_Driver\src\stm32f4xx_hash_md5.o
                                                  Libraries\STM32F4xx_StdPeriph_Driver\src\stm32f4xx_hash_sha1.o
HASH_DeInit                                       Libraries\STM32F4xx_StdPeriph_Driver\src\stm32f4xx_hash.o
                                                  Libraries\STM32F4xx_StdPeriph_Driver\src\stm32f4xx_hash_md5.o
                                                  Libraries\STM32F4xx_StdPeriph_Driver\src\stm32f4xx_hash_sha1.o
HASH_GetDigest                                    Libraries\STM32F4xx_StdPeriph_Driver\src\stm32f4xx_hash.o
                                                  Libraries\STM32F4xx_StdPeriph_Driver\src\stm32f4xx_hash_md5.o
                                                  Libraries\STM32F4xx_StdPeriph_Driver\src\stm32f4xx_hash_sha1.o
HASH_GetFlagStatus                                Libraries\STM32F4xx_StdPeriph_Driver\src\stm32f4xx_hash.o
                                                  Libraries\STM32F4xx_StdPeriph_Driver\src\stm32f4xx_hash_md5.o
                                                  Libraries\STM32F4xx_StdPeriph_Driver\src\stm32f4xx_hash_sha1.o
HASH_GetITStatus                                  Libraries\STM32F4xx_StdPeriph_Driver\src\stm32f4xx_hash.o
HASH_GetInFIFOWordsNbr                            Libraries\STM32F4xx_StdPeriph_Driver\src\stm32f4xx_hash.o
HASH_ITConfig                                     Libraries\STM32F4xx_StdPeriph_Driver\src\stm32f4xx_hash.o
HASH_Init                                         Libraries\STM32F4xx_StdPeriph_Driver\src\stm32f4xx_hash.o
                                                  Libraries\STM32F4xx_StdPeriph_Driver\src\stm32f4xx_hash_md5.o
                                                  Libraries\STM32F4xx_StdPeriph_Driver\src\stm32f4xx_hash_sha1.o
HASH_MD5                                          Libraries\STM32F4xx_StdPeriph_Driver\src\stm32f4xx_hash_md5.o
HASH_RNG_IRQHandler                               src\startup_stm32f40xx.o
HASH_Reset                                        Libraries\STM32F4xx_StdPeriph_Driver\src\stm32f4xx_hash.o
HASH_RestoreContext                               Libraries\STM32F4xx_StdPeriph_Driver\src\stm32f4xx_hash.o
HASH_SHA1                                         Libraries\STM32F4xx_StdPeriph_Driver\src\stm32f4xx_hash_sha1.o
HASH_SaveContext                                  Libraries\STM32F4xx_StdPeriph_Driver\src\stm32f4xx_hash.o
HASH_SetLastWordValidBitsNbr                      Libraries\STM32F4xx_StdPeriph_Driver\src\stm32f4xx_hash.o
                                                  Libraries\STM32F4xx_StdPeriph_Driver\src\stm32f4xx_hash_md5.o
                                                  Libraries\STM32F4xx_StdPeriph_Driver\src\stm32f4xx_hash_sha1.o
HASH_StartDigest                                  Libraries\STM32F4xx_StdPeriph_Driver\src\stm32f4xx_hash.o
                                                  Libraries\STM32F4xx_StdPeriph_Driver\src\stm32f4xx_hash_md5.o
                                                  Libraries\STM32F4xx_StdPeriph_Driver\src\stm32f4xx_hash_sha1.o
HASH_StructInit                                   Libraries\STM32F4xx_StdPeriph_Driver\src\stm32f4xx_hash.o
HMAC_MD5                                          Libraries\STM32F4xx_StdPeriph_Driver\src\stm32f4xx_hash_md5.o
HMAC_SHA1                                         Libraries\STM32F4xx_StdPeriph_Driver\src\stm32f4xx_hash_sha1.o
HardFault_Handler                                 src\stm32f4xx_it.o
I2C1_ER_IRQHandler                                src\startup_stm32f40xx.o
I2C1_EV_IRQHandler                                src\startup_stm32f40xx.o
I2C2_ER_IRQHandler                                src\startup_stm32f40xx.o
I2C2_EV_IRQHandler                                src\startup_stm32f40xx.o
I2C3_ER_IRQHandler                                src\startup_stm32f40xx.o
I2C3_EV_IRQHandler                                src\startup_stm32f40xx.o
I2C_ARPCmd                                        Libraries\STM32F4xx_StdPeriph_Driver\src\stm32f4xx_i2c.o
I2C_AcknowledgeConfig                             Libraries\STM32F4xx_StdPeriph_Driver\src\stm32f4xx_i2c.o
I2C_AnalogFilterCmd                               Libraries\STM32F4xx_StdPeriph_Driver\src\stm32f4xx_i2c.o
I2C_CalculatePEC                                  Libraries\STM32F4xx_StdPeriph_Driver\src\stm32f4xx_i2c.o
I2C_CheckEvent                                    Libraries\STM32F4xx_StdPeriph_Driver\src\stm32f4xx_i2c.o
I2C_ClearFlag                                     Libraries\STM32F4xx_StdPeriph_Driver\src\stm32f4xx_i2c.o
I2C_ClearITPendingBit                             Libraries\STM32F4xx_StdPeriph_Driver\src\stm32f4xx_i2c.o
I2C_Cmd                                           Libraries\STM32F4xx_StdPeriph_Driver\src\stm32f4xx_i2c.o
I2C_DMACmd                                        Libraries\STM32F4xx_StdPeriph_Driver\src\stm32f4xx_i2c.o
I2C_DMALastTransferCmd                            Libraries\STM32F4xx_StdPeriph_Driver\src\stm32f4xx_i2c.o
I2C_DeInit                                        Libraries\STM32F4xx_StdPeriph_Driver\src\stm32f4xx_i2c.o
I2C_DigitalFilterConfig                           Libraries\STM32F4xx_StdPeriph_Driver\src\stm32f4xx_i2c.o
I2C_DualAddressCmd                                Libraries\STM32F4xx_StdPeriph_Driver\src\stm32f4xx_i2c.o
I2C_FastModeDutyCycleConfig                       Libraries\STM32F4xx_StdPeriph_Driver\src\stm32f4xx_i2c.o
I2C_GeneralCallCmd                                Libraries\STM32F4xx_StdPeriph_Driver\src\stm32f4xx_i2c.o
I2C_GenerateSTART                                 Libraries\STM32F4xx_StdPeriph_Driver\src\stm32f4xx_i2c.o
I2C_GenerateSTOP                                  Libraries\STM32F4xx_StdPeriph_Driver\src\stm32f4xx_i2c.o
I2C_GetFlagStatus                                 Libraries\STM32F4xx_StdPeriph_Driver\src\stm32f4xx_i2c.o
I2C_GetITStatus                                   Libraries\STM32F4xx_StdPeriph_Driver\src\stm32f4xx_i2c.o
I2C_GetLastEvent                                  Libraries\STM32F4xx_StdPeriph_Driver\src\stm32f4xx_i2c.o
I2C_GetPEC                                        Libraries\STM32F4xx_StdPeriph_Driver\src\stm32f4xx_i2c.o
I2C_ITConfig                                      Libraries\STM32F4xx_StdPeriph_Driver\src\stm32f4xx_i2c.o
I2C_Init                                          Libraries\STM32F4xx_StdPeriph_Driver\src\stm32f4xx_i2c.o
I2C_NACKPositionConfig                            Libraries\STM32F4xx_StdPeriph_Driver\src\stm32f4xx_i2c.o
I2C_OwnAddress2Config                             Libraries\STM32F4xx_StdPeriph_Driver\src\stm32f4xx_i2c.o
I2C_PECPositionConfig                             Libraries\STM32F4xx_StdPeriph_Driver\src\stm32f4xx_i2c.o
I2C_ReadRegister                                  Libraries\STM32F4xx_StdPeriph_Driver\src\stm32f4xx_i2c.o
I2C_ReceiveData                                   Libraries\STM32F4xx_StdPeriph_Driver\src\stm32f4xx_i2c.o
I2C_SMBusAlertConfig                              Libraries\STM32F4xx_StdPeriph_Driver\src\stm32f4xx_i2c.o
I2C_Send7bitAddress                               Libraries\STM32F4xx_StdPeriph_Driver\src\stm32f4xx_i2c.o
I2C_SendData                                      Libraries\STM32F4xx_StdPeriph_Driver\src\stm32f4xx_i2c.o